Archive member included because of file (symbol)

c:/davev4-64bit/dave-4.3.2/eclipse/arm-gcc-49/bin/../lib/gcc/arm-none-eabi/4.9.3/armv6-m\libgcc.a(_udivsi3.o)
                              ./Startup/system_XMC1100.o (__aeabi_uidiv)
c:/davev4-64bit/dave-4.3.2/eclipse/arm-gcc-49/bin/../lib/gcc/arm-none-eabi/4.9.3/armv6-m\libgcc.a(_divsi3.o)
                              ./Libraries/XMCLib/src/xmc1_scu.o (__aeabi_idiv)
c:/davev4-64bit/dave-4.3.2/eclipse/arm-gcc-49/bin/../lib/gcc/arm-none-eabi/4.9.3/armv6-m\libgcc.a(_dvmd_tls.o)
                              c:/davev4-64bit/dave-4.3.2/eclipse/arm-gcc-49/bin/../lib/gcc/arm-none-eabi/4.9.3/armv6-m\libgcc.a(_udivsi3.o) (__aeabi_idiv0)
c:/davev4-64bit/dave-4.3.2/eclipse/arm-gcc-49/bin/../lib/gcc/arm-none-eabi/4.9.3/../../../../arm-none-eabi/lib/armv6-m\libg_nano.a(lib_a-errno.o)
                              ./Libraries/Newlib/syscalls.o (__errno)
c:/davev4-64bit/dave-4.3.2/eclipse/arm-gcc-49/bin/../lib/gcc/arm-none-eabi/4.9.3/../../../../arm-none-eabi/lib/armv6-m\libg_nano.a(lib_a-impure.o)
                              c:/davev4-64bit/dave-4.3.2/eclipse/arm-gcc-49/bin/../lib/gcc/arm-none-eabi/4.9.3/../../../../arm-none-eabi/lib/armv6-m\libg_nano.a(lib_a-errno.o) (_impure_ptr)
c:/davev4-64bit/dave-4.3.2/eclipse/arm-gcc-49/bin/../lib/gcc/arm-none-eabi/4.9.3/../../../../arm-none-eabi/lib/armv6-m\libg_nano.a(lib_a-init.o)
                              ./Startup/startup_XMC1100.o (__libc_init_array)

Discarded input sections

 .text          0x00000000        0x0 ./Startup/startup_XMC1100.o
 .data          0x00000000        0x0 ./Startup/startup_XMC1100.o
 .bss           0x00000000        0x0 ./Startup/startup_XMC1100.o
 .text          0x00000000        0x0 ./Startup/system_XMC1100.o
 .data          0x00000000        0x0 ./Startup/system_XMC1100.o
 .bss           0x00000000        0x0 ./Startup/system_XMC1100.o
 .text.SystemCoreSetup
                0x00000000       0x34 ./Startup/system_XMC1100.o
 .text.SystemCoreClockSetup
                0x00000000       0x38 ./Startup/system_XMC1100.o
 .comment       0x00000000       0x71 ./Startup/system_XMC1100.o
 .text          0x00000000        0x0 ./Libraries/XMCLib/src/xmc1_eru.o
 .data          0x00000000        0x0 ./Libraries/XMCLib/src/xmc1_eru.o
 .bss           0x00000000        0x0 ./Libraries/XMCLib/src/xmc1_eru.o
 .text.XMC_ERU_Enable
                0x00000000       0x10 ./Libraries/XMCLib/src/xmc1_eru.o
 .text.XMC_ERU_Disable
                0x00000000       0x10 ./Libraries/XMCLib/src/xmc1_eru.o
 .debug_info    0x00000000      0x380 ./Libraries/XMCLib/src/xmc1_eru.o
 .debug_abbrev  0x00000000      0x119 ./Libraries/XMCLib/src/xmc1_eru.o
 .debug_loc     0x00000000       0x70 ./Libraries/XMCLib/src/xmc1_eru.o
 .debug_aranges
                0x00000000       0x28 ./Libraries/XMCLib/src/xmc1_eru.o
 .debug_ranges  0x00000000       0x18 ./Libraries/XMCLib/src/xmc1_eru.o
 .debug_line    0x00000000      0x151 ./Libraries/XMCLib/src/xmc1_eru.o
 .debug_str     0x00000000      0x250 ./Libraries/XMCLib/src/xmc1_eru.o
 .comment       0x00000000       0x71 ./Libraries/XMCLib/src/xmc1_eru.o
 .debug_frame   0x00000000       0x50 ./Libraries/XMCLib/src/xmc1_eru.o
 .ARM.attributes
                0x00000000       0x31 ./Libraries/XMCLib/src/xmc1_eru.o
 .text          0x00000000        0x0 ./Libraries/XMCLib/src/xmc1_flash.o
 .data          0x00000000        0x0 ./Libraries/XMCLib/src/xmc1_flash.o
 .bss           0x00000000        0x0 ./Libraries/XMCLib/src/xmc1_flash.o
 .text.XMC_FLASH_IsBusy
                0x00000000       0x1c ./Libraries/XMCLib/src/xmc1_flash.o
 .text.XMC_FLASH_ClearStatus
                0x00000000       0x20 ./Libraries/XMCLib/src/xmc1_flash.o
 .text.XMC_FLASH_GetStatus
                0x00000000       0x14 ./Libraries/XMCLib/src/xmc1_flash.o
 .text.XMC_FLASH_EnableEvent
                0x00000000       0x24 ./Libraries/XMCLib/src/xmc1_flash.o
 .text.XMC_FLASH_DisableEvent
                0x00000000       0x28 ./Libraries/XMCLib/src/xmc1_flash.o
 .text.XMC_FLASH_ErasePage
                0x00000000       0x1c ./Libraries/XMCLib/src/xmc1_flash.o
 .text.XMC_FLASH_ProgramVerifyPage
                0x00000000       0x20 ./Libraries/XMCLib/src/xmc1_flash.o
 .text.XMC_FLASH_WriteBlocks
                0x00000000       0xbc ./Libraries/XMCLib/src/xmc1_flash.o
 .text.XMC_FLASH_ErasePages
                0x00000000       0x44 ./Libraries/XMCLib/src/xmc1_flash.o
 .text.XMC_FLASH_VerifyBlocks
                0x00000000       0x90 ./Libraries/XMCLib/src/xmc1_flash.o
 .text.XMC_FLASH_ReadBlocks
                0x00000000       0x4c ./Libraries/XMCLib/src/xmc1_flash.o
 .text.XMC_FLASH_EraseSector
                0x00000000       0x18 ./Libraries/XMCLib/src/xmc1_flash.o
 .text.XMC_FLASH_ProgramPage
                0x00000000       0x1c ./Libraries/XMCLib/src/xmc1_flash.o
 .debug_info    0x00000000      0x51c ./Libraries/XMCLib/src/xmc1_flash.o
 .debug_abbrev  0x00000000      0x157 ./Libraries/XMCLib/src/xmc1_flash.o
 .debug_loc     0x00000000      0x2b4 ./Libraries/XMCLib/src/xmc1_flash.o
 .debug_aranges
                0x00000000       0x80 ./Libraries/XMCLib/src/xmc1_flash.o
 .debug_ranges  0x00000000       0x70 ./Libraries/XMCLib/src/xmc1_flash.o
 .debug_line    0x00000000      0x377 ./Libraries/XMCLib/src/xmc1_flash.o
 .debug_str     0x00000000      0x602 ./Libraries/XMCLib/src/xmc1_flash.o
 .comment       0x00000000       0x71 ./Libraries/XMCLib/src/xmc1_flash.o
 .debug_frame   0x00000000      0x1a4 ./Libraries/XMCLib/src/xmc1_flash.o
 .ARM.attributes
                0x00000000       0x31 ./Libraries/XMCLib/src/xmc1_flash.o
 .text          0x00000000        0x0 ./Libraries/XMCLib/src/xmc1_gpio.o
 .data          0x00000000        0x0 ./Libraries/XMCLib/src/xmc1_gpio.o
 .bss           0x00000000        0x0 ./Libraries/XMCLib/src/xmc1_gpio.o
 .text.XMC_GPIO_SetInputHysteresis
                0x00000000       0x94 ./Libraries/XMCLib/src/xmc1_gpio.o
 .comment       0x00000000       0x71 ./Libraries/XMCLib/src/xmc1_gpio.o
 .text          0x00000000        0x0 ./Libraries/XMCLib/src/xmc1_rtc.o
 .data          0x00000000        0x0 ./Libraries/XMCLib/src/xmc1_rtc.o
 .bss           0x00000000        0x0 ./Libraries/XMCLib/src/xmc1_rtc.o
 .text.XMC_RTC_IsRunning
                0x00000000       0x1c ./Libraries/XMCLib/src/xmc1_rtc.o
 .text.XMC_SCU_GetMirrorStatus
                0x00000000       0x14 ./Libraries/XMCLib/src/xmc1_rtc.o
 .text.XMC_RTC_Init
                0x00000000       0x84 ./Libraries/XMCLib/src/xmc1_rtc.o
 .text.XMC_RTC_Enable
                0x00000000       0x14 ./Libraries/XMCLib/src/xmc1_rtc.o
 .text.XMC_RTC_Disable
                0x00000000       0x14 ./Libraries/XMCLib/src/xmc1_rtc.o
 .text.XMC_RTC_SetDebugMode
                0x00000000       0x2c ./Libraries/XMCLib/src/xmc1_rtc.o
 .text.XMC_RTC_EnableEvent
                0x00000000       0x20 ./Libraries/XMCLib/src/xmc1_rtc.o
 .text.XMC_RTC_DisableEvent
                0x00000000       0x20 ./Libraries/XMCLib/src/xmc1_rtc.o
 .text.XMC_RTC_ClearEvent
                0x00000000       0x18 ./Libraries/XMCLib/src/xmc1_rtc.o
 .text.XMC_RTC_IsEnabled
                0x00000000       0x2c ./Libraries/XMCLib/src/xmc1_rtc.o
 .debug_info    0x00000000      0x698 ./Libraries/XMCLib/src/xmc1_rtc.o
 .debug_abbrev  0x00000000      0x1da ./Libraries/XMCLib/src/xmc1_rtc.o
 .debug_loc     0x00000000      0x1f4 ./Libraries/XMCLib/src/xmc1_rtc.o
 .debug_aranges
                0x00000000       0x68 ./Libraries/XMCLib/src/xmc1_rtc.o
 .debug_ranges  0x00000000       0x58 ./Libraries/XMCLib/src/xmc1_rtc.o
 .debug_line    0x00000000      0x2a6 ./Libraries/XMCLib/src/xmc1_rtc.o
 .debug_str     0x00000000      0x568 ./Libraries/XMCLib/src/xmc1_rtc.o
 .comment       0x00000000       0x71 ./Libraries/XMCLib/src/xmc1_rtc.o
 .debug_frame   0x00000000      0x13c ./Libraries/XMCLib/src/xmc1_rtc.o
 .ARM.attributes
                0x00000000       0x31 ./Libraries/XMCLib/src/xmc1_rtc.o
 .text          0x00000000        0x0 ./Libraries/XMCLib/src/xmc1_scu.o
 .data          0x00000000        0x0 ./Libraries/XMCLib/src/xmc1_scu.o
 .bss           0x00000000        0x0 ./Libraries/XMCLib/src/xmc1_scu.o
 .bss.event_handler_list
                0x00000000       0x80 ./Libraries/XMCLib/src/xmc1_scu.o
 .data.event_masks
                0x00000000        0xc ./Libraries/XMCLib/src/xmc1_scu.o
 .text.XMC_SCU_CalcTSEVAR
                0x00000000       0x54 ./Libraries/XMCLib/src/xmc1_scu.o
 .text.XMC_SCU_INTERRUPT_EnableEvent
                0x00000000       0x20 ./Libraries/XMCLib/src/xmc1_scu.o
 .text.XMC_SCU_INTERRUPT_DisableEvent
                0x00000000       0x20 ./Libraries/XMCLib/src/xmc1_scu.o
 .text.XMC_SCU_INTERRUPT_TriggerEvent
                0x00000000       0x20 ./Libraries/XMCLib/src/xmc1_scu.o
 .text.XMC_SCU_INTERUPT_GetEventStatus
                0x00000000       0x1c ./Libraries/XMCLib/src/xmc1_scu.o
 .text.XMC_SCU_INTERRUPT_ClearEventStatus
                0x00000000       0x20 ./Libraries/XMCLib/src/xmc1_scu.o
 .text.XMC_SCU_SupplyMonitorInit
                0x00000000       0x8c ./Libraries/XMCLib/src/xmc1_scu.o
 .text.XMC_SCU_SetTempLowLimit
                0x00000000       0x48 ./Libraries/XMCLib/src/xmc1_scu.o
 .text.XMC_SCU_SetTempHighLimit
                0x00000000       0x48 ./Libraries/XMCLib/src/xmc1_scu.o
 .text.XMC_SCU_SetRawTempLimits
                0x00000000       0x24 ./Libraries/XMCLib/src/xmc1_scu.o
 .text.XMC_SCU_StartTempMeasurement
                0x00000000       0x1c ./Libraries/XMCLib/src/xmc1_scu.o
 .text.XMC_SCU_StopTempMeasurement
                0x00000000       0x1c ./Libraries/XMCLib/src/xmc1_scu.o
 .text.XMC_SCU_HighTemperature
                0x00000000       0x20 ./Libraries/XMCLib/src/xmc1_scu.o
 .text.XMC_SCU_LowTemperature
                0x00000000       0x18 ./Libraries/XMCLib/src/xmc1_scu.o
 .text.XMC_SCU_GetTemperature
                0x00000000       0x20 ./Libraries/XMCLib/src/xmc1_scu.o
 .text.XMC_SCU_CalcTemperature
                0x00000000       0x14 ./Libraries/XMCLib/src/xmc1_scu.o
 .text.XMC_SCU_CLOCK_SetRtcClockSource
                0x00000000       0x30 ./Libraries/XMCLib/src/xmc1_scu.o
 .text.XMC_SCU_CLOCK_SetFastPeripheralClockSource
                0x00000000       0x30 ./Libraries/XMCLib/src/xmc1_scu.o
 .text.XMC_SCU_CLOCK_GatePeripheralClock
                0x00000000       0x2c ./Libraries/XMCLib/src/xmc1_scu.o
 .text.XMC_SCU_CLOCK_IsPeripheralClockGated
                0x00000000       0x28 ./Libraries/XMCLib/src/xmc1_scu.o
 .text.XMC_SCU_CLOCK_SetMCLKFrequency
                0x00000000       0x48 ./Libraries/XMCLib/src/xmc1_scu.o
 .text.XMC_SCU_CLOCK_GetFastPeripheralClockFrequency
                0x00000000       0x28 ./Libraries/XMCLib/src/xmc1_scu.o
 .text.XMC_SCU_CLOCK_CalibrateOscillatorOnTemperature
                0x00000000       0x7c ./Libraries/XMCLib/src/xmc1_scu.o
 .text.XMC_SCU_INTERRUPT_SetEventHandler
                0x00000000       0x60 ./Libraries/XMCLib/src/xmc1_scu.o
 .text.XMC_SCU_IRQHandler
                0x00000000       0x7c ./Libraries/XMCLib/src/xmc1_scu.o
 .comment       0x00000000       0x71 ./Libraries/XMCLib/src/xmc1_scu.o
 .text          0x00000000        0x0 ./Libraries/XMCLib/src/xmc_acmp.o
 .data          0x00000000        0x0 ./Libraries/XMCLib/src/xmc_acmp.o
 .bss           0x00000000        0x0 ./Libraries/XMCLib/src/xmc_acmp.o
 .debug_info    0x00000000       0x72 ./Libraries/XMCLib/src/xmc_acmp.o
 .debug_abbrev  0x00000000       0x26 ./Libraries/XMCLib/src/xmc_acmp.o
 .debug_aranges
                0x00000000       0x18 ./Libraries/XMCLib/src/xmc_acmp.o
 .debug_line    0x00000000       0x1d ./Libraries/XMCLib/src/xmc_acmp.o
 .debug_str     0x00000000      0x18b ./Libraries/XMCLib/src/xmc_acmp.o
 .comment       0x00000000       0x71 ./Libraries/XMCLib/src/xmc_acmp.o
 .ARM.attributes
                0x00000000       0x31 ./Libraries/XMCLib/src/xmc_acmp.o
 .text          0x00000000        0x0 ./Libraries/XMCLib/src/xmc_bccu.o
 .data          0x00000000        0x0 ./Libraries/XMCLib/src/xmc_bccu.o
 .bss           0x00000000        0x0 ./Libraries/XMCLib/src/xmc_bccu.o
 .debug_info    0x00000000       0x72 ./Libraries/XMCLib/src/xmc_bccu.o
 .debug_abbrev  0x00000000       0x26 ./Libraries/XMCLib/src/xmc_bccu.o
 .debug_aranges
                0x00000000       0x18 ./Libraries/XMCLib/src/xmc_bccu.o
 .debug_line    0x00000000       0x1d ./Libraries/XMCLib/src/xmc_bccu.o
 .debug_str     0x00000000      0x18b ./Libraries/XMCLib/src/xmc_bccu.o
 .comment       0x00000000       0x71 ./Libraries/XMCLib/src/xmc_bccu.o
 .ARM.attributes
                0x00000000       0x31 ./Libraries/XMCLib/src/xmc_bccu.o
 .text          0x00000000        0x0 ./Libraries/XMCLib/src/xmc_can.o
 .data          0x00000000        0x0 ./Libraries/XMCLib/src/xmc_can.o
 .bss           0x00000000        0x0 ./Libraries/XMCLib/src/xmc_can.o
 .debug_info    0x00000000       0x72 ./Libraries/XMCLib/src/xmc_can.o
 .debug_abbrev  0x00000000       0x26 ./Libraries/XMCLib/src/xmc_can.o
 .debug_aranges
                0x00000000       0x18 ./Libraries/XMCLib/src/xmc_can.o
 .debug_line    0x00000000       0x1d ./Libraries/XMCLib/src/xmc_can.o
 .debug_str     0x00000000      0x18a ./Libraries/XMCLib/src/xmc_can.o
 .comment       0x00000000       0x71 ./Libraries/XMCLib/src/xmc_can.o
 .ARM.attributes
                0x00000000       0x31 ./Libraries/XMCLib/src/xmc_can.o
 .text          0x00000000        0x0 ./Libraries/XMCLib/src/xmc_ccu4.o
 .data          0x00000000        0x0 ./Libraries/XMCLib/src/xmc_ccu4.o
 .bss           0x00000000        0x0 ./Libraries/XMCLib/src/xmc_ccu4.o
 .text.XMC_CCU4_SLICE_SetDitherCompareValue
                0x00000000       0x1c ./Libraries/XMCLib/src/xmc_ccu4.o
 .text.XMC_CCU4_lGateClock
                0x00000000       0x24 ./Libraries/XMCLib/src/xmc_ccu4.o
 .text.XMC_CCU4_DisableModule
                0x00000000       0x18 ./Libraries/XMCLib/src/xmc_ccu4.o
 .text.XMC_CCU4_SetModuleClock
                0x00000000       0x34 ./Libraries/XMCLib/src/xmc_ccu4.o
 .text.XMC_CCU4_SetMultiChannelShadowTransferMode
                0x00000000       0x34 ./Libraries/XMCLib/src/xmc_ccu4.o
 .text.XMC_CCU4_SLICE_CaptureInit
                0x00000000       0x48 ./Libraries/XMCLib/src/xmc_ccu4.o
 .text.XMC_CCU4_SLICE_StartConfig
                0x00000000       0x68 ./Libraries/XMCLib/src/xmc_ccu4.o
 .text.XMC_CCU4_SLICE_StopConfig
                0x00000000       0x64 ./Libraries/XMCLib/src/xmc_ccu4.o
 .text.XMC_CCU4_SLICE_LoadConfig
                0x00000000       0x38 ./Libraries/XMCLib/src/xmc_ccu4.o
 .text.XMC_CCU4_SLICE_ModulationConfig
                0x00000000       0x98 ./Libraries/XMCLib/src/xmc_ccu4.o
 .text.XMC_CCU4_SLICE_CountConfig
                0x00000000       0x38 ./Libraries/XMCLib/src/xmc_ccu4.o
 .text.XMC_CCU4_SLICE_GateConfig
                0x00000000       0x38 ./Libraries/XMCLib/src/xmc_ccu4.o
 .text.XMC_CCU4_SLICE_Capture0Config
                0x00000000       0x34 ./Libraries/XMCLib/src/xmc_ccu4.o
 .text.XMC_CCU4_SLICE_Capture1Config
                0x00000000       0x34 ./Libraries/XMCLib/src/xmc_ccu4.o
 .text.XMC_CCU4_SLICE_DirectionConfig
                0x00000000       0x38 ./Libraries/XMCLib/src/xmc_ccu4.o
 .text.XMC_CCU4_SLICE_StatusBitOverrideConfig
                0x00000000       0x30 ./Libraries/XMCLib/src/xmc_ccu4.o
 .text.XMC_CCU4_SLICE_TrapConfig
                0x00000000       0x8c ./Libraries/XMCLib/src/xmc_ccu4.o
 .text.XMC_CCU4_SLICE_ConfigureStatusBitOverrideEvent
                0x00000000       0xdc ./Libraries/XMCLib/src/xmc_ccu4.o
 .text.XMC_CCU4_SLICE_ConfigureEvent
                0x00000000      0x11c ./Libraries/XMCLib/src/xmc_ccu4.o
 .text.XMC_CCU4_SLICE_SetInput
                0x00000000       0x6c ./Libraries/XMCLib/src/xmc_ccu4.o
 .text.XMC_CCU4_SLICE_SetTimerRepeatMode
                0x00000000       0x38 ./Libraries/XMCLib/src/xmc_ccu4.o
 .text.XMC_CCU4_SLICE_SetTimerCountingMode
                0x00000000       0x38 ./Libraries/XMCLib/src/xmc_ccu4.o
 .text.XMC_CCU4_SLICE_GetCaptureRegisterValue
                0x00000000       0x24 ./Libraries/XMCLib/src/xmc_ccu4.o
 .text.XMC_CCU4_SLICE_GetLastCapturedTimerValue
                0x00000000       0xd4 ./Libraries/XMCLib/src/xmc_ccu4.o
 .text.XMC_CCU4_SLICE_GetCapturedValueFromFifo
                0x00000000       0x34 ./Libraries/XMCLib/src/xmc_ccu4.o
 .text.XMC_CCU4_SLICE_EnableDithering
                0x00000000       0x70 ./Libraries/XMCLib/src/xmc_ccu4.o
 .text.XMC_CCU4_SLICE_SetPrescaler
                0x00000000       0x40 ./Libraries/XMCLib/src/xmc_ccu4.o
 .text.XMC_CCU4_SLICE_SetPassiveLevel
                0x00000000       0x34 ./Libraries/XMCLib/src/xmc_ccu4.o
 .comment       0x00000000       0x71 ./Libraries/XMCLib/src/xmc_ccu4.o
 .text          0x00000000        0x0 ./Libraries/XMCLib/src/xmc_ccu8.o
 .data          0x00000000        0x0 ./Libraries/XMCLib/src/xmc_ccu8.o
 .bss           0x00000000        0x0 ./Libraries/XMCLib/src/xmc_ccu8.o
 .debug_info    0x00000000       0x72 ./Libraries/XMCLib/src/xmc_ccu8.o
 .debug_abbrev  0x00000000       0x26 ./Libraries/XMCLib/src/xmc_ccu8.o
 .debug_aranges
                0x00000000       0x18 ./Libraries/XMCLib/src/xmc_ccu8.o
 .debug_line    0x00000000       0x1d ./Libraries/XMCLib/src/xmc_ccu8.o
 .debug_str     0x00000000      0x18b ./Libraries/XMCLib/src/xmc_ccu8.o
 .comment       0x00000000       0x71 ./Libraries/XMCLib/src/xmc_ccu8.o
 .ARM.attributes
                0x00000000       0x31 ./Libraries/XMCLib/src/xmc_ccu8.o
 .text          0x00000000        0x0 ./Libraries/XMCLib/src/xmc_common.o
 .data          0x00000000        0x0 ./Libraries/XMCLib/src/xmc_common.o
 .bss           0x00000000        0x0 ./Libraries/XMCLib/src/xmc_common.o
 .text.XMC_PRIOARRAY_GetHead
                0x00000000       0x24 ./Libraries/XMCLib/src/xmc_common.o
 .text.XMC_PRIOARRAY_GetItemPriority
                0x00000000       0x24 ./Libraries/XMCLib/src/xmc_common.o
 .text.XMC_PRIOARRAY_GetItemNext
                0x00000000       0x24 ./Libraries/XMCLib/src/xmc_common.o
 .text.XMC_LIST_Init
                0x00000000       0x14 ./Libraries/XMCLib/src/xmc_common.o
 .text.XMC_LIST_GetHead
                0x00000000       0x14 ./Libraries/XMCLib/src/xmc_common.o
 .text.XMC_LIST_GetTail
                0x00000000       0x38 ./Libraries/XMCLib/src/xmc_common.o
 .text.XMC_LIST_Add
                0x00000000       0x38 ./Libraries/XMCLib/src/xmc_common.o
 .text.XMC_LIST_Remove
                0x00000000       0x5c ./Libraries/XMCLib/src/xmc_common.o
 .text.XMC_LIST_Insert
                0x00000000       0x38 ./Libraries/XMCLib/src/xmc_common.o
 .text.XMC_PRIOARRAY_Init
                0x00000000       0xa8 ./Libraries/XMCLib/src/xmc_common.o
 .text.XMC_PRIOARRAY_Add
                0x00000000       0xbc ./Libraries/XMCLib/src/xmc_common.o
 .text.XMC_PRIOARRAY_Remove
                0x00000000       0x60 ./Libraries/XMCLib/src/xmc_common.o
 .debug_info    0x00000000      0x447 ./Libraries/XMCLib/src/xmc_common.o
 .debug_abbrev  0x00000000      0x107 ./Libraries/XMCLib/src/xmc_common.o
 .debug_loc     0x00000000      0x2a0 ./Libraries/XMCLib/src/xmc_common.o
 .debug_aranges
                0x00000000       0x78 ./Libraries/XMCLib/src/xmc_common.o
 .debug_ranges  0x00000000       0x68 ./Libraries/XMCLib/src/xmc_common.o
 .debug_line    0x00000000      0x265 ./Libraries/XMCLib/src/xmc_common.o
 .debug_str     0x00000000      0x342 ./Libraries/XMCLib/src/xmc_common.o
 .comment       0x00000000       0x71 ./Libraries/XMCLib/src/xmc_common.o
 .debug_frame   0x00000000      0x190 ./Libraries/XMCLib/src/xmc_common.o
 .ARM.attributes
                0x00000000       0x31 ./Libraries/XMCLib/src/xmc_common.o
 .text          0x00000000        0x0 ./Libraries/XMCLib/src/xmc_eru.o
 .data          0x00000000        0x0 ./Libraries/XMCLib/src/xmc_eru.o
 .bss           0x00000000        0x0 ./Libraries/XMCLib/src/xmc_eru.o
 .text.XMC_ERU_ETL_Init
                0x00000000       0x5c ./Libraries/XMCLib/src/xmc_eru.o
 .text.XMC_ERU_OGU_Init
                0x00000000       0x34 ./Libraries/XMCLib/src/xmc_eru.o
 .text.XMC_ERU_ETL_SetInput
                0x00000000       0x54 ./Libraries/XMCLib/src/xmc_eru.o
 .text.XMC_ERU_ETL_SetSource
                0x00000000       0x48 ./Libraries/XMCLib/src/xmc_eru.o
 .text.XMC_ERU_ETL_SetEdgeDetection
                0x00000000       0x44 ./Libraries/XMCLib/src/xmc_eru.o
 .text.XMC_ERU_ETL_GetEdgeDetection
                0x00000000       0x2c ./Libraries/XMCLib/src/xmc_eru.o
 .text.XMC_ERU_ETL_SetStatusFlagMode
                0x00000000       0x44 ./Libraries/XMCLib/src/xmc_eru.o
 .text.XMC_ERU_ETL_EnableOutputTrigger
                0x00000000       0x54 ./Libraries/XMCLib/src/xmc_eru.o
 .text.XMC_ERU_ETL_DisableOutputTrigger
                0x00000000       0x28 ./Libraries/XMCLib/src/xmc_eru.o
 .text.XMC_ERU_OGU_EnablePatternDetection
                0x00000000       0x58 ./Libraries/XMCLib/src/xmc_eru.o
 .text.XMC_ERU_OGU_DisablePatternDetection
                0x00000000       0x28 ./Libraries/XMCLib/src/xmc_eru.o
 .text.XMC_ERU_OGU_EnablePeripheralTrigger
                0x00000000       0x40 ./Libraries/XMCLib/src/xmc_eru.o
 .text.XMC_ERU_OGU_DisablePeripheralTrigger
                0x00000000       0x28 ./Libraries/XMCLib/src/xmc_eru.o
 .text.XMC_ERU_OGU_SetServiceRequestMode
                0x00000000       0x44 ./Libraries/XMCLib/src/xmc_eru.o
 .debug_info    0x00000000      0xa86 ./Libraries/XMCLib/src/xmc_eru.o
 .debug_abbrev  0x00000000      0x1d7 ./Libraries/XMCLib/src/xmc_eru.o
 .debug_loc     0x00000000      0x310 ./Libraries/XMCLib/src/xmc_eru.o
 .debug_aranges
                0x00000000       0x88 ./Libraries/XMCLib/src/xmc_eru.o
 .debug_ranges  0x00000000       0x78 ./Libraries/XMCLib/src/xmc_eru.o
 .debug_line    0x00000000      0x23f ./Libraries/XMCLib/src/xmc_eru.o
 .debug_str     0x00000000      0xc0e ./Libraries/XMCLib/src/xmc_eru.o
 .comment       0x00000000       0x71 ./Libraries/XMCLib/src/xmc_eru.o
 .debug_frame   0x00000000      0x1f0 ./Libraries/XMCLib/src/xmc_eru.o
 .ARM.attributes
                0x00000000       0x31 ./Libraries/XMCLib/src/xmc_eru.o
 .text          0x00000000        0x0 ./Libraries/XMCLib/src/xmc_gpio.o
 .data          0x00000000        0x0 ./Libraries/XMCLib/src/xmc_gpio.o
 .bss           0x00000000        0x0 ./Libraries/XMCLib/src/xmc_gpio.o
 .text.XMC_GPIO_SetMode
                0x00000000       0x90 ./Libraries/XMCLib/src/xmc_gpio.o
 .text.XMC_GPIO_SetHardwareControl
                0x00000000       0x4c ./Libraries/XMCLib/src/xmc_gpio.o
 .debug_info    0x00000000      0x3a3 ./Libraries/XMCLib/src/xmc_gpio.o
 .debug_abbrev  0x00000000       0xdf ./Libraries/XMCLib/src/xmc_gpio.o
 .debug_loc     0x00000000       0x70 ./Libraries/XMCLib/src/xmc_gpio.o
 .debug_aranges
                0x00000000       0x28 ./Libraries/XMCLib/src/xmc_gpio.o
 .debug_ranges  0x00000000       0x18 ./Libraries/XMCLib/src/xmc_gpio.o
 .debug_line    0x00000000      0x169 ./Libraries/XMCLib/src/xmc_gpio.o
 .debug_str     0x00000000      0x6e6 ./Libraries/XMCLib/src/xmc_gpio.o
 .comment       0x00000000       0x71 ./Libraries/XMCLib/src/xmc_gpio.o
 .debug_frame   0x00000000       0x54 ./Libraries/XMCLib/src/xmc_gpio.o
 .ARM.attributes
                0x00000000       0x31 ./Libraries/XMCLib/src/xmc_gpio.o
 .text          0x00000000        0x0 ./Libraries/XMCLib/src/xmc_i2c.o
 .data          0x00000000        0x0 ./Libraries/XMCLib/src/xmc_i2c.o
 .bss           0x00000000        0x0 ./Libraries/XMCLib/src/xmc_i2c.o
 .text.XMC_USIC_CH_GetTransmitBufferStatus
                0x00000000       0x1c ./Libraries/XMCLib/src/xmc_i2c.o
 .text.XMC_USIC_CH_SetMode
                0x00000000       0x28 ./Libraries/XMCLib/src/xmc_i2c.o
 .text.XMC_I2C_CH_ClearStatusFlag
                0x00000000       0x1c ./Libraries/XMCLib/src/xmc_i2c.o
 .text.XMC_I2C_CH_Init
                0x00000000       0x54 ./Libraries/XMCLib/src/xmc_i2c.o
 .text.XMC_I2C_CH_SetSlaveAddress
                0x00000000       0x50 ./Libraries/XMCLib/src/xmc_i2c.o
 .text.XMC_I2C_CH_GetSlaveAddress
                0x00000000       0x44 ./Libraries/XMCLib/src/xmc_i2c.o
 .text.XMC_I2C_CH_SetBaudrate
                0x00000000       0x98 ./Libraries/XMCLib/src/xmc_i2c.o
 .text.XMC_I2C_CH_MasterStart
                0x00000000       0x80 ./Libraries/XMCLib/src/xmc_i2c.o
 .text.XMC_I2C_CH_MasterRepeatedStart
                0x00000000       0x80 ./Libraries/XMCLib/src/xmc_i2c.o
 .text.XMC_I2C_CH_MasterStop
                0x00000000       0x54 ./Libraries/XMCLib/src/xmc_i2c.o
 .text.XMC_I2C_CH_MasterTransmit
                0x00000000       0x5c ./Libraries/XMCLib/src/xmc_i2c.o
 .text.XMC_I2C_CH_SlaveTransmit
                0x00000000       0x68 ./Libraries/XMCLib/src/xmc_i2c.o
 .text.XMC_I2C_CH_MasterReceiveAck
                0x00000000       0x54 ./Libraries/XMCLib/src/xmc_i2c.o
 .text.XMC_I2C_CH_MasterReceiveNack
                0x00000000       0x54 ./Libraries/XMCLib/src/xmc_i2c.o
 .text.XMC_I2C_CH_GetReceivedData
                0x00000000       0x40 ./Libraries/XMCLib/src/xmc_i2c.o
 .text.XMC_I2C_CH_Stop
                0x00000000       0x44 ./Libraries/XMCLib/src/xmc_i2c.o
 .text.XMC_I2C_CH_EnableEvent
                0x00000000       0x38 ./Libraries/XMCLib/src/xmc_i2c.o
 .text.XMC_I2C_CH_DisableEvent
                0x00000000       0x3c ./Libraries/XMCLib/src/xmc_i2c.o
 .debug_info    0x00000000      0xa2d ./Libraries/XMCLib/src/xmc_i2c.o
 .debug_abbrev  0x00000000      0x27e ./Libraries/XMCLib/src/xmc_i2c.o
 .debug_loc     0x00000000      0x3f0 ./Libraries/XMCLib/src/xmc_i2c.o
 .debug_aranges
                0x00000000       0xa8 ./Libraries/XMCLib/src/xmc_i2c.o
 .debug_ranges  0x00000000       0x98 ./Libraries/XMCLib/src/xmc_i2c.o
 .debug_line    0x00000000      0x314 ./Libraries/XMCLib/src/xmc_i2c.o
 .debug_str     0x00000000      0xc1e ./Libraries/XMCLib/src/xmc_i2c.o
 .comment       0x00000000       0x71 ./Libraries/XMCLib/src/xmc_i2c.o
 .debug_frame   0x00000000      0x250 ./Libraries/XMCLib/src/xmc_i2c.o
 .ARM.attributes
                0x00000000       0x31 ./Libraries/XMCLib/src/xmc_i2c.o
 .text          0x00000000        0x0 ./Libraries/XMCLib/src/xmc_i2s.o
 .data          0x00000000        0x0 ./Libraries/XMCLib/src/xmc_i2s.o
 .bss           0x00000000        0x0 ./Libraries/XMCLib/src/xmc_i2s.o
 .text.XMC_USIC_CH_GetTransmitBufferStatus
                0x00000000       0x1c ./Libraries/XMCLib/src/xmc_i2s.o
 .text.XMC_USIC_CH_SetMode
                0x00000000       0x28 ./Libraries/XMCLib/src/xmc_i2s.o
 .text.XMC_I2S_CH_ClearStatusFlag
                0x00000000       0x1c ./Libraries/XMCLib/src/xmc_i2s.o
 .text.XMC_I2S_CH_Init
                0x00000000       0xa8 ./Libraries/XMCLib/src/xmc_i2s.o
 .text.XMC_I2S_CH_SetBaudrate
                0x00000000       0x58 ./Libraries/XMCLib/src/xmc_i2s.o
 .text.XMC_I2S_CH_SetSystemWordLength
                0x00000000      0x124 ./Libraries/XMCLib/src/xmc_i2s.o
 .text.XMC_I2S_CH_Transmit
                0x00000000       0x74 ./Libraries/XMCLib/src/xmc_i2s.o
 .text.XMC_I2S_CH_GetReceivedData
                0x00000000       0x40 ./Libraries/XMCLib/src/xmc_i2s.o
 .text.XMC_I2S_CH_Stop
                0x00000000       0x44 ./Libraries/XMCLib/src/xmc_i2s.o
 .text.XMC_I2S_CH_EnableEvent
                0x00000000       0x38 ./Libraries/XMCLib/src/xmc_i2s.o
 .text.XMC_I2S_CH_DisableEvent
                0x00000000       0x3c ./Libraries/XMCLib/src/xmc_i2s.o
 .debug_info    0x00000000      0x8ee ./Libraries/XMCLib/src/xmc_i2s.o
 .debug_abbrev  0x00000000      0x207 ./Libraries/XMCLib/src/xmc_i2s.o
 .debug_loc     0x00000000      0x268 ./Libraries/XMCLib/src/xmc_i2s.o
 .debug_aranges
                0x00000000       0x70 ./Libraries/XMCLib/src/xmc_i2s.o
 .debug_ranges  0x00000000       0x60 ./Libraries/XMCLib/src/xmc_i2s.o
 .debug_line    0x00000000      0x2d6 ./Libraries/XMCLib/src/xmc_i2s.o
 .debug_str     0x00000000      0xac0 ./Libraries/XMCLib/src/xmc_i2s.o
 .comment       0x00000000       0x71 ./Libraries/XMCLib/src/xmc_i2s.o
 .debug_frame   0x00000000      0x170 ./Libraries/XMCLib/src/xmc_i2s.o
 .ARM.attributes
                0x00000000       0x31 ./Libraries/XMCLib/src/xmc_i2s.o
 .text          0x00000000        0x0 ./Libraries/XMCLib/src/xmc_ledts.o
 .data          0x00000000        0x0 ./Libraries/XMCLib/src/xmc_ledts.o
 .bss           0x00000000        0x0 ./Libraries/XMCLib/src/xmc_ledts.o
 .debug_info    0x00000000       0x72 ./Libraries/XMCLib/src/xmc_ledts.o
 .debug_abbrev  0x00000000       0x26 ./Libraries/XMCLib/src/xmc_ledts.o
 .debug_aranges
                0x00000000       0x18 ./Libraries/XMCLib/src/xmc_ledts.o
 .debug_line    0x00000000       0x1d ./Libraries/XMCLib/src/xmc_ledts.o
 .debug_str     0x00000000      0x18c ./Libraries/XMCLib/src/xmc_ledts.o
 .comment       0x00000000       0x71 ./Libraries/XMCLib/src/xmc_ledts.o
 .ARM.attributes
                0x00000000       0x31 ./Libraries/XMCLib/src/xmc_ledts.o
 .text          0x00000000        0x0 ./Libraries/XMCLib/src/xmc_math.o
 .data          0x00000000        0x0 ./Libraries/XMCLib/src/xmc_math.o
 .bss           0x00000000        0x0 ./Libraries/XMCLib/src/xmc_math.o
 .debug_info    0x00000000       0x72 ./Libraries/XMCLib/src/xmc_math.o
 .debug_abbrev  0x00000000       0x26 ./Libraries/XMCLib/src/xmc_math.o
 .debug_aranges
                0x00000000       0x18 ./Libraries/XMCLib/src/xmc_math.o
 .debug_line    0x00000000       0x1d ./Libraries/XMCLib/src/xmc_math.o
 .debug_str     0x00000000      0x18b ./Libraries/XMCLib/src/xmc_math.o
 .comment       0x00000000       0x71 ./Libraries/XMCLib/src/xmc_math.o
 .ARM.attributes
                0x00000000       0x31 ./Libraries/XMCLib/src/xmc_math.o
 .text          0x00000000        0x0 ./Libraries/XMCLib/src/xmc_pau.o
 .data          0x00000000        0x0 ./Libraries/XMCLib/src/xmc_pau.o
 .bss           0x00000000        0x0 ./Libraries/XMCLib/src/xmc_pau.o
 .text.XMC_PAU_EnablePeripheralAccess
                0x00000000       0x38 ./Libraries/XMCLib/src/xmc_pau.o
 .text.XMC_PAU_DisablePeripheralAccess
                0x00000000       0x34 ./Libraries/XMCLib/src/xmc_pau.o
 .text.XMC_PAU_IsPeripheralAccessEnabled
                0x00000000       0x30 ./Libraries/XMCLib/src/xmc_pau.o
 .text.XMC_PAU_IsPeripheralAvailable
                0x00000000       0x30 ./Libraries/XMCLib/src/xmc_pau.o
 .debug_info    0x00000000      0x35f ./Libraries/XMCLib/src/xmc_pau.o
 .debug_abbrev  0x00000000      0x108 ./Libraries/XMCLib/src/xmc_pau.o
 .debug_loc     0x00000000       0xe0 ./Libraries/XMCLib/src/xmc_pau.o
 .debug_aranges
                0x00000000       0x38 ./Libraries/XMCLib/src/xmc_pau.o
 .debug_ranges  0x00000000       0x28 ./Libraries/XMCLib/src/xmc_pau.o
 .debug_line    0x00000000      0x17d ./Libraries/XMCLib/src/xmc_pau.o
 .debug_str     0x00000000      0x49c ./Libraries/XMCLib/src/xmc_pau.o
 .comment       0x00000000       0x71 ./Libraries/XMCLib/src/xmc_pau.o
 .debug_frame   0x00000000       0x90 ./Libraries/XMCLib/src/xmc_pau.o
 .ARM.attributes
                0x00000000       0x31 ./Libraries/XMCLib/src/xmc_pau.o
 .text          0x00000000        0x0 ./Libraries/XMCLib/src/xmc_posif.o
 .data          0x00000000        0x0 ./Libraries/XMCLib/src/xmc_posif.o
 .bss           0x00000000        0x0 ./Libraries/XMCLib/src/xmc_posif.o
 .debug_info    0x00000000       0x72 ./Libraries/XMCLib/src/xmc_posif.o
 .debug_abbrev  0x00000000       0x26 ./Libraries/XMCLib/src/xmc_posif.o
 .debug_aranges
                0x00000000       0x18 ./Libraries/XMCLib/src/xmc_posif.o
 .debug_line    0x00000000       0x1d ./Libraries/XMCLib/src/xmc_posif.o
 .debug_str     0x00000000      0x18c ./Libraries/XMCLib/src/xmc_posif.o
 .comment       0x00000000       0x71 ./Libraries/XMCLib/src/xmc_posif.o
 .ARM.attributes
                0x00000000       0x31 ./Libraries/XMCLib/src/xmc_posif.o
 .text          0x00000000        0x0 ./Libraries/XMCLib/src/xmc_prng.o
 .data          0x00000000        0x0 ./Libraries/XMCLib/src/xmc_prng.o
 .bss           0x00000000        0x0 ./Libraries/XMCLib/src/xmc_prng.o
 .text.XMC_PRNG_SetRandomDataBlockSize
                0x00000000       0x34 ./Libraries/XMCLib/src/xmc_prng.o
 .text.XMC_PRNG_CheckValidStatus
                0x00000000       0x1c ./Libraries/XMCLib/src/xmc_prng.o
 .text.XMC_PRNG_EnableKeyLoadingMode
                0x00000000       0x1c ./Libraries/XMCLib/src/xmc_prng.o
 .text.XMC_PRNG_EnableStreamingMode
                0x00000000       0x1c ./Libraries/XMCLib/src/xmc_prng.o
 .text.XMC_PRNG_LoadKeyWords
                0x00000000       0x20 ./Libraries/XMCLib/src/xmc_prng.o
 .text.XMC_PRNG_Init
                0x00000000       0xd8 ./Libraries/XMCLib/src/xmc_prng.o
 .debug_info    0x00000000      0x2c4 ./Libraries/XMCLib/src/xmc_prng.o
 .debug_abbrev  0x00000000      0x15f ./Libraries/XMCLib/src/xmc_prng.o
 .debug_loc     0x00000000      0x12c ./Libraries/XMCLib/src/xmc_prng.o
 .debug_aranges
                0x00000000       0x48 ./Libraries/XMCLib/src/xmc_prng.o
 .debug_ranges  0x00000000       0x38 ./Libraries/XMCLib/src/xmc_prng.o
 .debug_line    0x00000000      0x21a ./Libraries/XMCLib/src/xmc_prng.o
 .debug_str     0x00000000      0x394 ./Libraries/XMCLib/src/xmc_prng.o
 .comment       0x00000000       0x71 ./Libraries/XMCLib/src/xmc_prng.o
 .debug_frame   0x00000000       0xc4 ./Libraries/XMCLib/src/xmc_prng.o
 .ARM.attributes
                0x00000000       0x31 ./Libraries/XMCLib/src/xmc_prng.o
 .text          0x00000000        0x0 ./Libraries/XMCLib/src/xmc_rtc.o
 .data          0x00000000        0x0 ./Libraries/XMCLib/src/xmc_rtc.o
 .bss           0x00000000        0x0 ./Libraries/XMCLib/src/xmc_rtc.o
 .text.XMC_SCU_GetMirrorStatus
                0x00000000       0x14 ./Libraries/XMCLib/src/xmc_rtc.o
 .text.XMC_RTC_Start
                0x00000000       0x28 ./Libraries/XMCLib/src/xmc_rtc.o
 .text.XMC_RTC_Stop
                0x00000000       0x28 ./Libraries/XMCLib/src/xmc_rtc.o
 .text.XMC_RTC_SetPrescaler
                0x00000000       0x38 ./Libraries/XMCLib/src/xmc_rtc.o
 .text.XMC_RTC_SetTime
                0x00000000       0x30 ./Libraries/XMCLib/src/xmc_rtc.o
 .text.XMC_RTC_GetTime
                0x00000000       0x24 ./Libraries/XMCLib/src/xmc_rtc.o
 .text.XMC_RTC_SetTimeStdFormat
                0x00000000      0x118 ./Libraries/XMCLib/src/xmc_rtc.o
 .text.XMC_RTC_GetTimeStdFormat
                0x00000000       0xa4 ./Libraries/XMCLib/src/xmc_rtc.o
 .text.XMC_RTC_SetAlarm
                0x00000000       0x30 ./Libraries/XMCLib/src/xmc_rtc.o
 .text.XMC_RTC_GetAlarm
                0x00000000       0x24 ./Libraries/XMCLib/src/xmc_rtc.o
 .text.XMC_RTC_SetAlarmStdFormat
                0x00000000       0xf4 ./Libraries/XMCLib/src/xmc_rtc.o
 .text.XMC_RTC_GetAlarmStdFormat
                0x00000000       0x94 ./Libraries/XMCLib/src/xmc_rtc.o
 .text.XMC_RTC_GetEventStatus
                0x00000000       0x14 ./Libraries/XMCLib/src/xmc_rtc.o
 .debug_info    0x00000000      0x779 ./Libraries/XMCLib/src/xmc_rtc.o
 .debug_abbrev  0x00000000      0x212 ./Libraries/XMCLib/src/xmc_rtc.o
 .debug_loc     0x00000000      0x2a8 ./Libraries/XMCLib/src/xmc_rtc.o
 .debug_aranges
                0x00000000       0x80 ./Libraries/XMCLib/src/xmc_rtc.o
 .debug_ranges  0x00000000       0x70 ./Libraries/XMCLib/src/xmc_rtc.o
 .debug_line    0x00000000      0x30f ./Libraries/XMCLib/src/xmc_rtc.o
 .debug_str     0x00000000      0x47f ./Libraries/XMCLib/src/xmc_rtc.o
 .comment       0x00000000       0x71 ./Libraries/XMCLib/src/xmc_rtc.o
 .debug_frame   0x00000000      0x1a0 ./Libraries/XMCLib/src/xmc_rtc.o
 .ARM.attributes
                0x00000000       0x31 ./Libraries/XMCLib/src/xmc_rtc.o
 .text          0x00000000        0x0 ./Libraries/XMCLib/src/xmc_spi.o
 .data          0x00000000        0x0 ./Libraries/XMCLib/src/xmc_spi.o
 .bss           0x00000000        0x0 ./Libraries/XMCLib/src/xmc_spi.o
 .text.XMC_USIC_CH_GetTransmitBufferStatus
                0x00000000       0x1c ./Libraries/XMCLib/src/xmc_spi.o
 .text.XMC_USIC_CH_SetMode
                0x00000000       0x28 ./Libraries/XMCLib/src/xmc_spi.o
 .text.XMC_SPI_CH_ClearStatusFlag
                0x00000000       0x1c ./Libraries/XMCLib/src/xmc_spi.o
 .text.XMC_SPI_CH_Init
                0x00000000       0x6c ./Libraries/XMCLib/src/xmc_spi.o
 .text.XMC_SPI_CH_SetBaudrate
                0x00000000       0x48 ./Libraries/XMCLib/src/xmc_spi.o
 .text.XMC_SPI_CH_EnableSlaveSelect
                0x00000000       0x2c ./Libraries/XMCLib/src/xmc_spi.o
 .text.XMC_SPI_CH_DisableSlaveSelect
                0x00000000       0x28 ./Libraries/XMCLib/src/xmc_spi.o
 .text.XMC_SPI_CH_Transmit
                0x00000000       0x88 ./Libraries/XMCLib/src/xmc_spi.o
 .text.XMC_SPI_CH_GetReceivedData
                0x00000000       0x40 ./Libraries/XMCLib/src/xmc_spi.o
 .text.XMC_SPI_CH_SetInterwordDelay
                0x00000000      0x138 ./Libraries/XMCLib/src/xmc_spi.o
 .text.XMC_SPI_CH_Stop
                0x00000000       0x44 ./Libraries/XMCLib/src/xmc_spi.o
 .text.XMC_SPI_CH_EnableEvent
                0x00000000       0x34 ./Libraries/XMCLib/src/xmc_spi.o
 .text.XMC_SPI_CH_DisableEvent
                0x00000000       0x38 ./Libraries/XMCLib/src/xmc_spi.o
 .debug_info    0x00000000      0x9fe ./Libraries/XMCLib/src/xmc_spi.o
 .debug_abbrev  0x00000000      0x207 ./Libraries/XMCLib/src/xmc_spi.o
 .debug_loc     0x00000000      0x2da ./Libraries/XMCLib/src/xmc_spi.o
 .debug_aranges
                0x00000000       0x80 ./Libraries/XMCLib/src/xmc_spi.o
 .debug_ranges  0x00000000       0x70 ./Libraries/XMCLib/src/xmc_spi.o
 .debug_line    0x00000000      0x2fd ./Libraries/XMCLib/src/xmc_spi.o
 .debug_str     0x00000000      0xcaa ./Libraries/XMCLib/src/xmc_spi.o
 .comment       0x00000000       0x71 ./Libraries/XMCLib/src/xmc_spi.o
 .debug_frame   0x00000000      0x1b0 ./Libraries/XMCLib/src/xmc_spi.o
 .ARM.attributes
                0x00000000       0x31 ./Libraries/XMCLib/src/xmc_spi.o
 .text          0x00000000        0x0 ./Libraries/XMCLib/src/xmc_uart.o
 .data          0x00000000        0x0 ./Libraries/XMCLib/src/xmc_uart.o
 .bss           0x00000000        0x0 ./Libraries/XMCLib/src/xmc_uart.o
 .text.XMC_USIC_CH_SetMode
                0x00000000       0x28 ./Libraries/XMCLib/src/xmc_uart.o
 .text.XMC_UART_CH_GetStatusFlag
                0x00000000       0x14 ./Libraries/XMCLib/src/xmc_uart.o
 .text.XMC_UART_CH_SetBaudrate
                0x00000000       0x54 ./Libraries/XMCLib/src/xmc_uart.o
 .text.XMC_UART_CH_Stop
                0x00000000       0x58 ./Libraries/XMCLib/src/xmc_uart.o
 .text.XMC_UART_CH_EnableEvent
                0x00000000       0x34 ./Libraries/XMCLib/src/xmc_uart.o
 .text.XMC_UART_CH_DisableEvent
                0x00000000       0x38 ./Libraries/XMCLib/src/xmc_uart.o
 .comment       0x00000000       0x71 ./Libraries/XMCLib/src/xmc_uart.o
 .text          0x00000000        0x0 ./Libraries/XMCLib/src/xmc_usic.o
 .data          0x00000000        0x0 ./Libraries/XMCLib/src/xmc_usic.o
 .bss           0x00000000        0x0 ./Libraries/XMCLib/src/xmc_usic.o
 .text.XMC_USIC_CH_SetInputTriggerCombinationMode
                0x00000000       0x4c ./Libraries/XMCLib/src/xmc_usic.o
 .text.XMC_USIC_CH_SetBRGInputClockSource
                0x00000000       0x28 ./Libraries/XMCLib/src/xmc_usic.o
 .text.XMC_USIC_CH_Disable
                0x00000000       0x20 ./Libraries/XMCLib/src/xmc_usic.o
 .text.XMC_USIC_CH_ConfigExternalInputSignalToBRG
                0x00000000       0x64 ./Libraries/XMCLib/src/xmc_usic.o
 .text.XMC_USIC_CH_TXFIFO_SetSizeTriggerLimit
                0x00000000       0x5c ./Libraries/XMCLib/src/xmc_usic.o
 .text.XMC_USIC_Disable
                0x00000000       0x20 ./Libraries/XMCLib/src/xmc_usic.o
 .comment       0x00000000       0x71 ./Libraries/XMCLib/src/xmc_usic.o
 .text          0x00000000        0x0 ./Libraries/XMCLib/src/xmc_vadc.o
 .data          0x00000000        0x0 ./Libraries/XMCLib/src/xmc_vadc.o
 .bss           0x00000000        0x0 ./Libraries/XMCLib/src/xmc_vadc.o
 .text.XMC_VADC_GLOBAL_EnableModule
                0x00000000       0x10 ./Libraries/XMCLib/src/xmc_vadc.o
 .text.XMC_VADC_GLOBAL_DisableModule
                0x00000000       0x10 ./Libraries/XMCLib/src/xmc_vadc.o
 .text.XMC_VADC_GLOBAL_Init
                0x00000000       0x68 ./Libraries/XMCLib/src/xmc_vadc.o
 .text.XMC_VADC_GLOBAL_InputClassInit
                0x00000000       0x2c ./Libraries/XMCLib/src/xmc_vadc.o
 .text.XMC_VADC_GLOBAL_StartupCalibration
                0x00000000       0x30 ./Libraries/XMCLib/src/xmc_vadc.o
 .text.XMC_VADC_GLOBAL_SetCompareValue
                0x00000000       0x44 ./Libraries/XMCLib/src/xmc_vadc.o
 .text.XMC_VADC_GLOBAL_GetCompareResult
                0x00000000       0x40 ./Libraries/XMCLib/src/xmc_vadc.o
 .text.XMC_VADC_GLOBAL_SetResultEventInterruptNode
                0x00000000       0x60 ./Libraries/XMCLib/src/xmc_vadc.o
 .text.XMC_VADC_GLOBAL_BackgroundSetReqSrcEventInterruptNode
                0x00000000       0x58 ./Libraries/XMCLib/src/xmc_vadc.o
 .text.XMC_VADC_GLOBAL_SHS_Init
                0x00000000       0x20 ./Libraries/XMCLib/src/xmc_vadc.o
 .text.XMC_VADC_GLOBAL_SHS_SetGainFactor
                0x00000000       0xb8 ./Libraries/XMCLib/src/xmc_vadc.o
 .text.XMC_VADC_GLOBAL_SHS_SetSigmaDeltaLoop
                0x00000000       0x60 ./Libraries/XMCLib/src/xmc_vadc.o
 .text.XMC_VADC_GLOBAL_BackgroundInit
                0x00000000       0x38 ./Libraries/XMCLib/src/xmc_vadc.o
 .text.XMC_VADC_GLOBAL_BackgroundSelectTrigger
                0x00000000       0x44 ./Libraries/XMCLib/src/xmc_vadc.o
 .text.XMC_VADC_GLOBAL_BackgroundSelectTriggerEdge
                0x00000000       0x4c ./Libraries/XMCLib/src/xmc_vadc.o
 .text.XMC_VADC_GLOBAL_BackgroundSelectGating
                0x00000000       0x44 ./Libraries/XMCLib/src/xmc_vadc.o
 .text.XMC_VADC_GLOBAL_BackgroundAbortSequence
                0x00000000       0x50 ./Libraries/XMCLib/src/xmc_vadc.o
 .text.XMC_VADC_GLOBAL_BackgroundGetNumChannelsPending
                0x00000000       0x68 ./Libraries/XMCLib/src/xmc_vadc.o
 .debug_info    0x00000000      0xf1d ./Libraries/XMCLib/src/xmc_vadc.o
 .debug_abbrev  0x00000000      0x207 ./Libraries/XMCLib/src/xmc_vadc.o
 .debug_loc     0x00000000      0x3d8 ./Libraries/XMCLib/src/xmc_vadc.o
 .debug_aranges
                0x00000000       0xa8 ./Libraries/XMCLib/src/xmc_vadc.o
 .debug_ranges  0x00000000       0x98 ./Libraries/XMCLib/src/xmc_vadc.o
 .debug_line    0x00000000      0x369 ./Libraries/XMCLib/src/xmc_vadc.o
 .debug_str     0x00000000      0xd18 ./Libraries/XMCLib/src/xmc_vadc.o
 .comment       0x00000000       0x71 ./Libraries/XMCLib/src/xmc_vadc.o
 .debug_frame   0x00000000      0x250 ./Libraries/XMCLib/src/xmc_vadc.o
 .ARM.attributes
                0x00000000       0x31 ./Libraries/XMCLib/src/xmc_vadc.o
 .text          0x00000000        0x0 ./Libraries/XMCLib/src/xmc_wdt.o
 .data          0x00000000        0x0 ./Libraries/XMCLib/src/xmc_wdt.o
 .bss           0x00000000        0x0 ./Libraries/XMCLib/src/xmc_wdt.o
 .text.XMC_WDT_Enable
                0x00000000       0x14 ./Libraries/XMCLib/src/xmc_wdt.o
 .text.XMC_WDT_Disable
                0x00000000       0x14 ./Libraries/XMCLib/src/xmc_wdt.o
 .text.XMC_WDT_Init
                0x00000000       0x30 ./Libraries/XMCLib/src/xmc_wdt.o
 .debug_info    0x00000000      0x263 ./Libraries/XMCLib/src/xmc_wdt.o
 .debug_abbrev  0x00000000      0x15c ./Libraries/XMCLib/src/xmc_wdt.o
 .debug_loc     0x00000000       0x90 ./Libraries/XMCLib/src/xmc_wdt.o
 .debug_aranges
                0x00000000       0x30 ./Libraries/XMCLib/src/xmc_wdt.o
 .debug_ranges  0x00000000       0x20 ./Libraries/XMCLib/src/xmc_wdt.o
 .debug_line    0x00000000      0x1e3 ./Libraries/XMCLib/src/xmc_wdt.o
 .debug_str     0x00000000      0x338 ./Libraries/XMCLib/src/xmc_wdt.o
 .comment       0x00000000       0x71 ./Libraries/XMCLib/src/xmc_wdt.o
 .debug_frame   0x00000000       0x68 ./Libraries/XMCLib/src/xmc_wdt.o
 .ARM.attributes
                0x00000000       0x31 ./Libraries/XMCLib/src/xmc_wdt.o
 .text          0x00000000        0x0 ./Libraries/Newlib/syscalls.o
 .data          0x00000000        0x0 ./Libraries/Newlib/syscalls.o
 .bss           0x00000000        0x0 ./Libraries/Newlib/syscalls.o
 .bss.__dso_handle
                0x00000000        0x4 ./Libraries/Newlib/syscalls.o
 .text._sbrk    0x00000000       0x68 ./Libraries/Newlib/syscalls.o
 .bss.heap_ptr.4327
                0x00000000        0x4 ./Libraries/Newlib/syscalls.o
 .comment       0x00000000       0x71 ./Libraries/Newlib/syscalls.o
 .text          0x00000000        0x0 ./Dave/Generated/UART/uart.o
 .data          0x00000000        0x0 ./Dave/Generated/UART/uart.o
 .bss           0x00000000        0x0 ./Dave/Generated/UART/uart.o
 .text.XMC_USIC_CH_SetTransmitBufferStatus
                0x00000000       0x1c ./Dave/Generated/UART/uart.o
 .text.XMC_UART_CH_Start
                0x00000000       0x20 ./Dave/Generated/UART/uart.o
 .text.XMC_UART_CH_SetSamplePoint
                0x00000000       0x28 ./Dave/Generated/UART/uart.o
 .rodata.uart_event_status_flags
                0x00000000       0x14 ./Dave/Generated/UART/uart.o
 .rodata.uart_event_conf_flags
                0x00000000       0x14 ./Dave/Generated/UART/uart.o
 .text.UART_GetAppVersion
                0x00000000       0x60 ./Dave/Generated/UART/uart.o
 .text.UART_AbortTransmit
                0x00000000       0x8c ./Dave/Generated/UART/uart.o
 .text.UART_AbortReceive
                0x00000000       0x74 ./Dave/Generated/UART/uart.o
 .text.UART_SetBaudrate
                0x00000000       0xe8 ./Dave/Generated/UART/uart.o
 .comment       0x00000000       0x71 ./Dave/Generated/UART/uart.o
 .text          0x00000000        0x0 ./Dave/Generated/UART/uart_conf.o
 .data          0x00000000        0x0 ./Dave/Generated/UART/uart_conf.o
 .bss           0x00000000        0x0 ./Dave/Generated/UART/uart_conf.o
 .comment       0x00000000       0x71 ./Dave/Generated/UART/uart_conf.o
 .text          0x00000000        0x0 ./Dave/Generated/PWM/pwm.o
 .data          0x00000000        0x0 ./Dave/Generated/PWM/pwm.o
 .bss           0x00000000        0x0 ./Dave/Generated/PWM/pwm.o
 .text.XMC_CCU4_DisableClock
                0x00000000       0x28 ./Dave/Generated/PWM/pwm.o
 .text.XMC_CCU4_SLICE_IsTimerRunning
                0x00000000       0x20 ./Dave/Generated/PWM/pwm.o
 .text.XMC_CCU4_SLICE_StopTimer
                0x00000000       0x14 ./Dave/Generated/PWM/pwm.o
 .text.XMC_CCU4_SLICE_ClearTimer
                0x00000000       0x14 ./Dave/Generated/PWM/pwm.o
 .text.XMC_CCU4_SLICE_ClearEvent
                0x00000000       0x2c ./Dave/Generated/PWM/pwm.o
 .text.XMC_CCU4_SLICE_GetEvent
                0x00000000       0x30 ./Dave/Generated/PWM/pwm.o
 .text.PWM_lCCU4_Stop
                0x00000000       0x48 ./Dave/Generated/PWM/pwm.o
 .text.PWM_lCCU4_SetFreq
                0x00000000      0x124 ./Dave/Generated/PWM/pwm.o
 .text.PWM_lCCU4_SetFreqAndDutyCycle
                0x00000000      0x134 ./Dave/Generated/PWM/pwm.o
 .text.PWM_GetAppVersion
                0x00000000       0x60 ./Dave/Generated/PWM/pwm.o
 .text.PWM_Stop
                0x00000000       0x20 ./Dave/Generated/PWM/pwm.o
 .text.PWM_SetFreq
                0x00000000       0x40 ./Dave/Generated/PWM/pwm.o
 .text.PWM_SetFreqAndDutyCycle
                0x00000000       0x44 ./Dave/Generated/PWM/pwm.o
 .text.PWM_GetTimerStatus
                0x00000000       0x3c ./Dave/Generated/PWM/pwm.o
 .text.PWM_GetInterruptStatus
                0x00000000       0x48 ./Dave/Generated/PWM/pwm.o
 .text.PWM_ClearEvent
                0x00000000       0x30 ./Dave/Generated/PWM/pwm.o
 .text.PWM_SetPassiveLevel
                0x00000000       0x40 ./Dave/Generated/PWM/pwm.o
 .text.PWM_SetPeriodMatchValue
                0x00000000       0xb0 ./Dave/Generated/PWM/pwm.o
 .comment       0x00000000       0x71 ./Dave/Generated/PWM/pwm.o
 .text          0x00000000        0x0 ./Dave/Generated/PWM/pwm_conf.o
 .data          0x00000000        0x0 ./Dave/Generated/PWM/pwm_conf.o
 .bss           0x00000000        0x0 ./Dave/Generated/PWM/pwm_conf.o
 .comment       0x00000000       0x71 ./Dave/Generated/PWM/pwm_conf.o
 .text          0x00000000        0x0 ./Dave/Generated/GLOBAL_CCU4/global_ccu4.o
 .data          0x00000000        0x0 ./Dave/Generated/GLOBAL_CCU4/global_ccu4.o
 .bss           0x00000000        0x0 ./Dave/Generated/GLOBAL_CCU4/global_ccu4.o
 .text.GLOBAL_CCU4_GetAppVersion
                0x00000000       0x60 ./Dave/Generated/GLOBAL_CCU4/global_ccu4.o
 .comment       0x00000000       0x71 ./Dave/Generated/GLOBAL_CCU4/global_ccu4.o
 .text          0x00000000        0x0 ./Dave/Generated/GLOBAL_CCU4/global_ccu4_conf.o
 .data          0x00000000        0x0 ./Dave/Generated/GLOBAL_CCU4/global_ccu4_conf.o
 .bss           0x00000000        0x0 ./Dave/Generated/GLOBAL_CCU4/global_ccu4_conf.o
 .comment       0x00000000       0x71 ./Dave/Generated/GLOBAL_CCU4/global_ccu4_conf.o
 .text          0x00000000        0x0 ./Dave/Generated/CPU_CTRL_XMC1/cpu_ctrl_xmc1.o
 .data          0x00000000        0x0 ./Dave/Generated/CPU_CTRL_XMC1/cpu_ctrl_xmc1.o
 .bss           0x00000000        0x0 ./Dave/Generated/CPU_CTRL_XMC1/cpu_ctrl_xmc1.o
 .text.CPU_CTRL_XMC1_GetAppVersion
                0x00000000       0x60 ./Dave/Generated/CPU_CTRL_XMC1/cpu_ctrl_xmc1.o
 .text.CPU_CTRL_XMC1_Init
                0x00000000       0x14 ./Dave/Generated/CPU_CTRL_XMC1/cpu_ctrl_xmc1.o
 .debug_info    0x00000000      0x18c ./Dave/Generated/CPU_CTRL_XMC1/cpu_ctrl_xmc1.o
 .debug_abbrev  0x00000000       0xb9 ./Dave/Generated/CPU_CTRL_XMC1/cpu_ctrl_xmc1.o
 .debug_loc     0x00000000       0x70 ./Dave/Generated/CPU_CTRL_XMC1/cpu_ctrl_xmc1.o
 .debug_aranges
                0x00000000       0x28 ./Dave/Generated/CPU_CTRL_XMC1/cpu_ctrl_xmc1.o
 .debug_ranges  0x00000000       0x18 ./Dave/Generated/CPU_CTRL_XMC1/cpu_ctrl_xmc1.o
 .debug_line    0x00000000      0x177 ./Dave/Generated/CPU_CTRL_XMC1/cpu_ctrl_xmc1.o
 .debug_str     0x00000000      0x2b5 ./Dave/Generated/CPU_CTRL_XMC1/cpu_ctrl_xmc1.o
 .comment       0x00000000       0x71 ./Dave/Generated/CPU_CTRL_XMC1/cpu_ctrl_xmc1.o
 .debug_frame   0x00000000       0x50 ./Dave/Generated/CPU_CTRL_XMC1/cpu_ctrl_xmc1.o
 .ARM.attributes
                0x00000000       0x31 ./Dave/Generated/CPU_CTRL_XMC1/cpu_ctrl_xmc1.o
 .text          0x00000000        0x0 ./Dave/Generated/CPU_CTRL_XMC1/cpu_ctrl_xmc1_conf.o
 .data          0x00000000        0x0 ./Dave/Generated/CPU_CTRL_XMC1/cpu_ctrl_xmc1_conf.o
 .bss           0x00000000        0x0 ./Dave/Generated/CPU_CTRL_XMC1/cpu_ctrl_xmc1_conf.o
 .bss.CPU_CTRL_XMC1_0
                0x00000000        0x4 ./Dave/Generated/CPU_CTRL_XMC1/cpu_ctrl_xmc1_conf.o
 .comment       0x00000000       0x71 ./Dave/Generated/CPU_CTRL_XMC1/cpu_ctrl_xmc1_conf.o
 .text          0x00000000        0x0 ./Dave/Generated/CLOCK_XMC1/clock_xmc1.o
 .data          0x00000000        0x0 ./Dave/Generated/CLOCK_XMC1/clock_xmc1.o
 .bss           0x00000000        0x0 ./Dave/Generated/CLOCK_XMC1/clock_xmc1.o
 .text.CLOCK_XMC1_GetAppVersion
                0x00000000       0x60 ./Dave/Generated/CLOCK_XMC1/clock_xmc1.o
 .text.CLOCK_XMC1_SetMCLKFrequency
                0x00000000       0x18 ./Dave/Generated/CLOCK_XMC1/clock_xmc1.o
 .comment       0x00000000       0x71 ./Dave/Generated/CLOCK_XMC1/clock_xmc1.o
 .text          0x00000000        0x0 ./Dave/Generated/CLOCK_XMC1/clock_xmc1_conf.o
 .data          0x00000000        0x0 ./Dave/Generated/CLOCK_XMC1/clock_xmc1_conf.o
 .bss           0x00000000        0x0 ./Dave/Generated/CLOCK_XMC1/clock_xmc1_conf.o
 .comment       0x00000000       0x71 ./Dave/Generated/CLOCK_XMC1/clock_xmc1_conf.o
 .text          0x00000000        0x0 ./Dave/Generated/DAVE.o
 .data          0x00000000        0x0 ./Dave/Generated/DAVE.o
 .bss           0x00000000        0x0 ./Dave/Generated/DAVE.o
 .comment       0x00000000       0x71 ./Dave/Generated/DAVE.o
 .text          0x00000000        0x0 ./main.o
 .data          0x00000000        0x0 ./main.o
 .bss           0x00000000        0x0 ./main.o
 .text.delay    0x00000000       0x34 ./main.o
 .comment       0x00000000       0x71 ./main.o
 .data          0x00000000        0x0 c:/davev4-64bit/dave-4.3.2/eclipse/arm-gcc-49/bin/../lib/gcc/arm-none-eabi/4.9.3/armv6-m\libgcc.a(_udivsi3.o)
 .bss           0x00000000        0x0 c:/davev4-64bit/dave-4.3.2/eclipse/arm-gcc-49/bin/../lib/gcc/arm-none-eabi/4.9.3/armv6-m\libgcc.a(_udivsi3.o)
 .text          0x00000000      0x1e0 c:/davev4-64bit/dave-4.3.2/eclipse/arm-gcc-49/bin/../lib/gcc/arm-none-eabi/4.9.3/armv6-m\libgcc.a(_divsi3.o)
 .data          0x00000000        0x0 c:/davev4-64bit/dave-4.3.2/eclipse/arm-gcc-49/bin/../lib/gcc/arm-none-eabi/4.9.3/armv6-m\libgcc.a(_divsi3.o)
 .bss           0x00000000        0x0 c:/davev4-64bit/dave-4.3.2/eclipse/arm-gcc-49/bin/../lib/gcc/arm-none-eabi/4.9.3/armv6-m\libgcc.a(_divsi3.o)
 .debug_frame   0x00000000       0x20 c:/davev4-64bit/dave-4.3.2/eclipse/arm-gcc-49/bin/../lib/gcc/arm-none-eabi/4.9.3/armv6-m\libgcc.a(_divsi3.o)
 .ARM.attributes
                0x00000000       0x1e c:/davev4-64bit/dave-4.3.2/eclipse/arm-gcc-49/bin/../lib/gcc/arm-none-eabi/4.9.3/armv6-m\libgcc.a(_divsi3.o)
 .data          0x00000000        0x0 c:/davev4-64bit/dave-4.3.2/eclipse/arm-gcc-49/bin/../lib/gcc/arm-none-eabi/4.9.3/armv6-m\libgcc.a(_dvmd_tls.o)
 .bss           0x00000000        0x0 c:/davev4-64bit/dave-4.3.2/eclipse/arm-gcc-49/bin/../lib/gcc/arm-none-eabi/4.9.3/armv6-m\libgcc.a(_dvmd_tls.o)
 .text          0x00000000        0x0 c:/davev4-64bit/dave-4.3.2/eclipse/arm-gcc-49/bin/../lib/gcc/arm-none-eabi/4.9.3/../../../../arm-none-eabi/lib/armv6-m\libg_nano.a(lib_a-errno.o)
 .data          0x00000000        0x0 c:/davev4-64bit/dave-4.3.2/eclipse/arm-gcc-49/bin/../lib/gcc/arm-none-eabi/4.9.3/../../../../arm-none-eabi/lib/armv6-m\libg_nano.a(lib_a-errno.o)
 .bss           0x00000000        0x0 c:/davev4-64bit/dave-4.3.2/eclipse/arm-gcc-49/bin/../lib/gcc/arm-none-eabi/4.9.3/../../../../arm-none-eabi/lib/armv6-m\libg_nano.a(lib_a-errno.o)
 .text.__errno  0x00000000        0xc c:/davev4-64bit/dave-4.3.2/eclipse/arm-gcc-49/bin/../lib/gcc/arm-none-eabi/4.9.3/../../../../arm-none-eabi/lib/armv6-m\libg_nano.a(lib_a-errno.o)
 .debug_frame   0x00000000       0x20 c:/davev4-64bit/dave-4.3.2/eclipse/arm-gcc-49/bin/../lib/gcc/arm-none-eabi/4.9.3/../../../../arm-none-eabi/lib/armv6-m\libg_nano.a(lib_a-errno.o)
 .ARM.attributes
                0x00000000       0x2c c:/davev4-64bit/dave-4.3.2/eclipse/arm-gcc-49/bin/../lib/gcc/arm-none-eabi/4.9.3/../../../../arm-none-eabi/lib/armv6-m\libg_nano.a(lib_a-errno.o)
 .text          0x00000000        0x0 c:/davev4-64bit/dave-4.3.2/eclipse/arm-gcc-49/bin/../lib/gcc/arm-none-eabi/4.9.3/../../../../arm-none-eabi/lib/armv6-m\libg_nano.a(lib_a-impure.o)
 .data          0x00000000        0x0 c:/davev4-64bit/dave-4.3.2/eclipse/arm-gcc-49/bin/../lib/gcc/arm-none-eabi/4.9.3/../../../../arm-none-eabi/lib/armv6-m\libg_nano.a(lib_a-impure.o)
 .bss           0x00000000        0x0 c:/davev4-64bit/dave-4.3.2/eclipse/arm-gcc-49/bin/../lib/gcc/arm-none-eabi/4.9.3/../../../../arm-none-eabi/lib/armv6-m\libg_nano.a(lib_a-impure.o)
 .data.impure_data
                0x00000000       0x60 c:/davev4-64bit/dave-4.3.2/eclipse/arm-gcc-49/bin/../lib/gcc/arm-none-eabi/4.9.3/../../../../arm-none-eabi/lib/armv6-m\libg_nano.a(lib_a-impure.o)
 .data._impure_ptr
                0x00000000        0x4 c:/davev4-64bit/dave-4.3.2/eclipse/arm-gcc-49/bin/../lib/gcc/arm-none-eabi/4.9.3/../../../../arm-none-eabi/lib/armv6-m\libg_nano.a(lib_a-impure.o)
 .rodata.str1.1
                0x00000000        0x2 c:/davev4-64bit/dave-4.3.2/eclipse/arm-gcc-49/bin/../lib/gcc/arm-none-eabi/4.9.3/../../../../arm-none-eabi/lib/armv6-m\libg_nano.a(lib_a-impure.o)
 .rodata._global_impure_ptr
                0x00000000        0x4 c:/davev4-64bit/dave-4.3.2/eclipse/arm-gcc-49/bin/../lib/gcc/arm-none-eabi/4.9.3/../../../../arm-none-eabi/lib/armv6-m\libg_nano.a(lib_a-impure.o)
 .ARM.attributes
                0x00000000       0x2c c:/davev4-64bit/dave-4.3.2/eclipse/arm-gcc-49/bin/../lib/gcc/arm-none-eabi/4.9.3/../../../../arm-none-eabi/lib/armv6-m\libg_nano.a(lib_a-impure.o)
 .text          0x00000000        0x0 c:/davev4-64bit/dave-4.3.2/eclipse/arm-gcc-49/bin/../lib/gcc/arm-none-eabi/4.9.3/../../../../arm-none-eabi/lib/armv6-m\libg_nano.a(lib_a-init.o)
 .data          0x00000000        0x0 c:/davev4-64bit/dave-4.3.2/eclipse/arm-gcc-49/bin/../lib/gcc/arm-none-eabi/4.9.3/../../../../arm-none-eabi/lib/armv6-m\libg_nano.a(lib_a-init.o)
 .bss           0x00000000        0x0 c:/davev4-64bit/dave-4.3.2/eclipse/arm-gcc-49/bin/../lib/gcc/arm-none-eabi/4.9.3/../../../../arm-none-eabi/lib/armv6-m\libg_nano.a(lib_a-init.o)

Memory Configuration

Name             Origin             Length             Attributes
FLASH            0x10001000         0x00010000         xr
SRAM             0x20000000         0x00004000         !xr
*default*        0x00000000         0xffffffff

Linker script and memory map

LOAD ./Startup/startup_XMC1100.o
LOAD ./Startup/system_XMC1100.o
LOAD ./Libraries/XMCLib/src/xmc1_eru.o
LOAD ./Libraries/XMCLib/src/xmc1_flash.o
LOAD ./Libraries/XMCLib/src/xmc1_gpio.o
LOAD ./Libraries/XMCLib/src/xmc1_rtc.o
LOAD ./Libraries/XMCLib/src/xmc1_scu.o
LOAD ./Libraries/XMCLib/src/xmc_acmp.o
LOAD ./Libraries/XMCLib/src/xmc_bccu.o
LOAD ./Libraries/XMCLib/src/xmc_can.o
LOAD ./Libraries/XMCLib/src/xmc_ccu4.o
LOAD ./Libraries/XMCLib/src/xmc_ccu8.o
LOAD ./Libraries/XMCLib/src/xmc_common.o
LOAD ./Libraries/XMCLib/src/xmc_eru.o
LOAD ./Libraries/XMCLib/src/xmc_gpio.o
LOAD ./Libraries/XMCLib/src/xmc_i2c.o
LOAD ./Libraries/XMCLib/src/xmc_i2s.o
LOAD ./Libraries/XMCLib/src/xmc_ledts.o
LOAD ./Libraries/XMCLib/src/xmc_math.o
LOAD ./Libraries/XMCLib/src/xmc_pau.o
LOAD ./Libraries/XMCLib/src/xmc_posif.o
LOAD ./Libraries/XMCLib/src/xmc_prng.o
LOAD ./Libraries/XMCLib/src/xmc_rtc.o
LOAD ./Libraries/XMCLib/src/xmc_spi.o
LOAD ./Libraries/XMCLib/src/xmc_uart.o
LOAD ./Libraries/XMCLib/src/xmc_usic.o
LOAD ./Libraries/XMCLib/src/xmc_vadc.o
LOAD ./Libraries/XMCLib/src/xmc_wdt.o
LOAD ./Libraries/Newlib/syscalls.o
LOAD ./Dave/Generated/UART/uart.o
LOAD ./Dave/Generated/UART/uart_conf.o
LOAD ./Dave/Generated/PWM/pwm.o
LOAD ./Dave/Generated/PWM/pwm_conf.o
LOAD ./Dave/Generated/GLOBAL_CCU4/global_ccu4.o
LOAD ./Dave/Generated/GLOBAL_CCU4/global_ccu4_conf.o
LOAD ./Dave/Generated/CPU_CTRL_XMC1/cpu_ctrl_xmc1.o
LOAD ./Dave/Generated/CPU_CTRL_XMC1/cpu_ctrl_xmc1_conf.o
LOAD ./Dave/Generated/CLOCK_XMC1/clock_xmc1.o
LOAD ./Dave/Generated/CLOCK_XMC1/clock_xmc1_conf.o
LOAD ./Dave/Generated/DAVE.o
LOAD ./main.o
LOAD c:/davev4-64bit/dave-4.3.2/eclipse/arm-gcc-49/bin/../lib/gcc/arm-none-eabi/4.9.3/../../../../arm-none-eabi/lib/armv6-m\libm.a
START GROUP
LOAD c:/davev4-64bit/dave-4.3.2/eclipse/arm-gcc-49/bin/../lib/gcc/arm-none-eabi/4.9.3/armv6-m\libgcc.a
LOAD c:/davev4-64bit/dave-4.3.2/eclipse/arm-gcc-49/bin/../lib/gcc/arm-none-eabi/4.9.3/../../../../arm-none-eabi/lib/armv6-m\libg_nano.a
LOAD c:/davev4-64bit/dave-4.3.2/eclipse/arm-gcc-49/bin/../lib/gcc/arm-none-eabi/4.9.3/../../../../arm-none-eabi/lib/armv6-m\libc_nano.a
END GROUP
START GROUP
LOAD c:/davev4-64bit/dave-4.3.2/eclipse/arm-gcc-49/bin/../lib/gcc/arm-none-eabi/4.9.3/armv6-m\libgcc.a
LOAD c:/davev4-64bit/dave-4.3.2/eclipse/arm-gcc-49/bin/../lib/gcc/arm-none-eabi/4.9.3/../../../../arm-none-eabi/lib/armv6-m\libc_nano.a
LOAD c:/davev4-64bit/dave-4.3.2/eclipse/arm-gcc-49/bin/../lib/gcc/arm-none-eabi/4.9.3/../../../../arm-none-eabi/lib/armv6-m\libnosys.a
END GROUP
START GROUP
LOAD c:/davev4-64bit/dave-4.3.2/eclipse/arm-gcc-49/bin/../lib/gcc/arm-none-eabi/4.9.3/armv6-m\libgcc.a
LOAD c:/davev4-64bit/dave-4.3.2/eclipse/arm-gcc-49/bin/../lib/gcc/arm-none-eabi/4.9.3/../../../../arm-none-eabi/lib/armv6-m\libc_nano.a
LOAD c:/davev4-64bit/dave-4.3.2/eclipse/arm-gcc-49/bin/../lib/gcc/arm-none-eabi/4.9.3/../../../../arm-none-eabi/lib/armv6-m\libnosys.a
END GROUP
                0x00000400                stack_size = DEFINED (stack_size)?stack_size:0x400
                0x00000004                no_init_size = 0x4

.text           0x10001000     0x1d14
                0x10001000                sText = .
 *(.reset)
 .reset         0x10001000       0x9c ./Startup/startup_XMC1100.o
                0x10001000                __Vectors
                0x10001018                Reset_Handler
                0x10001098                USIC0_5_IRQHandler
                0x10001098                HardFault_Handler
                0x10001098                SysTick_Handler
                0x10001098                PendSV_Handler
                0x10001098                CCU40_2_IRQHandler
                0x10001098                SCU_0_IRQHandler
                0x10001098                ERU0_0_IRQHandler
                0x10001098                USIC0_0_IRQHandler
                0x10001098                ERU0_2_IRQHandler
                0x10001098                ERU0_3_IRQHandler
                0x10001098                VADC0_C0_0_IRQHandler
                0x10001098                CCU40_0_IRQHandler
                0x10001098                VADC0_C0_1_IRQHandler
                0x10001098                SVC_Handler
                0x10001098                USIC0_3_IRQHandler
                0x10001098                CCU40_1_IRQHandler
                0x10001098                SCU_2_IRQHandler
                0x10001098                CCU40_3_IRQHandler
                0x10001098                USIC0_4_IRQHandler
                0x10001098                SCU_1_IRQHandler
                0x10001098                ERU0_1_IRQHandler
                0x10001098                Default_handler
 *(.text .text.* .gnu.linkonce.t.*)
 .text.SystemInit
                0x1000109c       0x10 ./Startup/system_XMC1100.o
                0x1000109c                SystemInit
 .text.SystemCoreClockUpdate
                0x100010ac       0x68 ./Startup/system_XMC1100.o
                0x100010ac                SystemCoreClockUpdate
 .text.XMC_GPIO_Init
                0x10001114      0x170 ./Libraries/XMCLib/src/xmc1_gpio.o
                0x10001114                XMC_GPIO_Init
 .text.XMC_SCU_LockProtectedBits
                0x10001284       0x14 ./Libraries/XMCLib/src/xmc1_scu.o
                0x10001284                XMC_SCU_LockProtectedBits
 .text.XMC_SCU_UnlockProtectedBits
                0x10001298       0x20 ./Libraries/XMCLib/src/xmc1_scu.o
                0x10001298                XMC_SCU_UnlockProtectedBits
 .text.XMC_SCU_CLOCK_Init
                0x100012b8       0x48 ./Libraries/XMCLib/src/xmc1_scu.o
                0x100012b8                XMC_SCU_CLOCK_Init
 .text.XMC_SCU_CLOCK_UngatePeripheralClock
                0x10001300       0x3c ./Libraries/XMCLib/src/xmc1_scu.o
                0x10001300                XMC_SCU_CLOCK_UngatePeripheralClock
 .text.XMC_SCU_CLOCK_ScaleMCLKFrequency
                0x1000133c       0xa4 ./Libraries/XMCLib/src/xmc1_scu.o
                0x1000133c                XMC_SCU_CLOCK_ScaleMCLKFrequency
 .text.XMC_SCU_CLOCK_lFrequencyUpScaling
                0x100013e0       0x54 ./Libraries/XMCLib/src/xmc1_scu.o
 .text.XMC_SCU_CLOCK_lFrequencyDownScaling
                0x10001434       0x5c ./Libraries/XMCLib/src/xmc1_scu.o
 .text.XMC_SCU_CLOCK_GetPeripheralClockFrequency
                0x10001490       0x14 ./Libraries/XMCLib/src/xmc1_scu.o
                0x10001490                XMC_SCU_CLOCK_GetPeripheralClockFrequency
 .text.XMC_CCU4_StartPrescaler
                0x100014a4       0x1c ./Libraries/XMCLib/src/xmc_ccu4.o
 .text.XMC_CCU4_lUngateClock
                0x100014c0       0x24 ./Libraries/XMCLib/src/xmc_ccu4.o
 .text.XMC_CCU4_EnableModule
                0x100014e4       0x18 ./Libraries/XMCLib/src/xmc_ccu4.o
                0x100014e4                XMC_CCU4_EnableModule
 .text.XMC_CCU4_Init
                0x100014fc       0x48 ./Libraries/XMCLib/src/xmc_ccu4.o
                0x100014fc                XMC_CCU4_Init
 .text.XMC_CCU4_SLICE_CompareInit
                0x10001544       0x68 ./Libraries/XMCLib/src/xmc_ccu4.o
                0x10001544                XMC_CCU4_SLICE_CompareInit
 .text.XMC_CCU4_SLICE_SetInterruptNode
                0x100015ac       0x98 ./Libraries/XMCLib/src/xmc_ccu4.o
                0x100015ac                XMC_CCU4_SLICE_SetInterruptNode
 .text.XMC_USIC_CH_GetTransmitBufferStatus
                0x10001644       0x1c ./Libraries/XMCLib/src/xmc_uart.o
 .text.XMC_UART_CH_ClearStatusFlag
                0x10001660       0x18 ./Libraries/XMCLib/src/xmc_uart.o
 .text.XMC_UART_CH_Init
                0x10001678       0xb4 ./Libraries/XMCLib/src/xmc_uart.o
                0x10001678                XMC_UART_CH_Init
 .text.XMC_UART_CH_Transmit
                0x1000172c       0x5c ./Libraries/XMCLib/src/xmc_uart.o
                0x1000172c                XMC_UART_CH_Transmit
 .text.XMC_UART_CH_GetReceivedData
                0x10001788       0x40 ./Libraries/XMCLib/src/xmc_uart.o
                0x10001788                XMC_UART_CH_GetReceivedData
 .text.XMC_USIC_CH_Enable
                0x100017c8       0x50 ./Libraries/XMCLib/src/xmc_usic.o
                0x100017c8                XMC_USIC_CH_Enable
 .text.XMC_USIC_CH_SetBaudrate
                0x10001818       0xec ./Libraries/XMCLib/src/xmc_usic.o
                0x10001818                XMC_USIC_CH_SetBaudrate
 .text.XMC_USIC_CH_TXFIFO_Configure
                0x10001904       0x5c ./Libraries/XMCLib/src/xmc_usic.o
                0x10001904                XMC_USIC_CH_TXFIFO_Configure
 .text.XMC_USIC_CH_RXFIFO_Configure
                0x10001960       0x64 ./Libraries/XMCLib/src/xmc_usic.o
                0x10001960                XMC_USIC_CH_RXFIFO_Configure
 .text.XMC_USIC_CH_RXFIFO_SetSizeTriggerLimit
                0x100019c4       0x5c ./Libraries/XMCLib/src/xmc_usic.o
                0x100019c4                XMC_USIC_CH_RXFIFO_SetSizeTriggerLimit
 .text.XMC_USIC_CH_SetInterruptNodePointer
                0x10001a20       0x40 ./Libraries/XMCLib/src/xmc_usic.o
                0x10001a20                XMC_USIC_CH_SetInterruptNodePointer
 .text.XMC_USIC_CH_TXFIFO_SetInterruptNodePointer
                0x10001a60       0x48 ./Libraries/XMCLib/src/xmc_usic.o
                0x10001a60                XMC_USIC_CH_TXFIFO_SetInterruptNodePointer
 .text.XMC_USIC_CH_RXFIFO_SetInterruptNodePointer
                0x10001aa8       0x48 ./Libraries/XMCLib/src/xmc_usic.o
                0x10001aa8                XMC_USIC_CH_RXFIFO_SetInterruptNodePointer
 .text.XMC_USIC_Enable
                0x10001af0       0x20 ./Libraries/XMCLib/src/xmc_usic.o
                0x10001af0                XMC_USIC_Enable
 .text._init    0x10001b10        0x8 ./Libraries/Newlib/syscalls.o
                0x10001b10                _init
 .text.XMC_USIC_CH_EnableEvent
                0x10001b18       0x1c ./Dave/Generated/UART/uart.o
 .text.XMC_USIC_CH_DisableEvent
                0x10001b34       0x20 ./Dave/Generated/UART/uart.o
 .text.XMC_USIC_CH_GetTransmitBufferStatus
                0x10001b54       0x1c ./Dave/Generated/UART/uart.o
 .text.XMC_USIC_CH_TriggerServiceRequest
                0x10001b70       0x1c ./Dave/Generated/UART/uart.o
 .text.XMC_USIC_CH_TXFIFO_EnableEvent
                0x10001b8c       0x28 ./Dave/Generated/UART/uart.o
 .text.XMC_USIC_CH_TXFIFO_DisableEvent
                0x10001bb4       0x28 ./Dave/Generated/UART/uart.o
 .text.XMC_USIC_CH_TXFIFO_Flush
                0x10001bdc       0x1c ./Dave/Generated/UART/uart.o
 .text.XMC_USIC_CH_TXFIFO_IsFull
                0x10001bf8       0x24 ./Dave/Generated/UART/uart.o
 .text.XMC_USIC_CH_TXFIFO_IsEmpty
                0x10001c1c       0x24 ./Dave/Generated/UART/uart.o
 .text.XMC_USIC_CH_RXFIFO_EnableEvent
                0x10001c40       0x28 ./Dave/Generated/UART/uart.o
 .text.XMC_USIC_CH_RXFIFO_DisableEvent
                0x10001c68       0x28 ./Dave/Generated/UART/uart.o
 .text.XMC_USIC_CH_RXFIFO_Flush
                0x10001c90       0x1c ./Dave/Generated/UART/uart.o
 .text.XMC_USIC_CH_RXFIFO_IsEmpty
                0x10001cac       0x24 ./Dave/Generated/UART/uart.o
 .text.UART_Init
                0x10001cd0       0x30 ./Dave/Generated/UART/uart.o
                0x10001cd0                UART_Init
 .text.UART_Transmit
                0x10001d00       0x4c ./Dave/Generated/UART/uart.o
                0x10001d00                UART_Transmit
 .text.UART_Receive
                0x10001d4c       0x4c ./Dave/Generated/UART/uart.o
                0x10001d4c                UART_Receive
 .text.UART_StartTransmitIRQ
                0x10001d98       0xd0 ./Dave/Generated/UART/uart.o
                0x10001d98                UART_StartTransmitIRQ
 .text.UART_StartReceiveIRQ
                0x10001e68       0xc8 ./Dave/Generated/UART/uart.o
                0x10001e68                UART_StartReceiveIRQ
 .text.UART_lTransmitHandler
                0x10001f30      0x110 ./Dave/Generated/UART/uart.o
                0x10001f30                UART_lTransmitHandler
 .text.UART_lReceiveHandler
                0x10002040      0x128 ./Dave/Generated/UART/uart.o
                0x10002040                UART_lReceiveHandler
 .text.UART_lReconfigureRxFIFO
                0x10002168       0x54 ./Dave/Generated/UART/uart.o
 .text.NVIC_EnableIRQ
                0x100021bc       0x2c ./Dave/Generated/UART/uart_conf.o
 .text.NVIC_SetPriority
                0x100021e8       0xd4 ./Dave/Generated/UART/uart_conf.o
 .text.XMC_USIC_CH_SetInputSource
                0x100022bc       0x48 ./Dave/Generated/UART/uart_conf.o
 .text.XMC_UART_CH_Start
                0x10002304       0x20 ./Dave/Generated/UART/uart_conf.o
 .text.UART_0_init
                0x10002324       0xfc ./Dave/Generated/UART/uart_conf.o
                0x10002324                UART_0_init
 .text.USIC0_2_IRQHandler
                0x10002420       0x14 ./Dave/Generated/UART/uart_conf.o
                0x10002420                USIC0_2_IRQHandler
 .text.USIC0_1_IRQHandler
                0x10002434       0x14 ./Dave/Generated/UART/uart_conf.o
                0x10002434                USIC0_1_IRQHandler
 .text.XMC_CCU4_EnableClock
                0x10002448       0x28 ./Dave/Generated/PWM/pwm.o
 .text.XMC_CCU4_SLICE_StartTimer
                0x10002470       0x14 ./Dave/Generated/PWM/pwm.o
 .text.XMC_CCU4_SLICE_SetTimerPeriodMatch
                0x10002484       0x1c ./Dave/Generated/PWM/pwm.o
 .text.XMC_CCU4_SLICE_SetTimerCompareMatch
                0x100024a0       0x1c ./Dave/Generated/PWM/pwm.o
 .text.XMC_CCU4_EnableShadowTransfer
                0x100024bc       0x18 ./Dave/Generated/PWM/pwm.o
 .text.XMC_CCU4_SLICE_EnableEvent
                0x100024d4       0x2c ./Dave/Generated/PWM/pwm.o
 .text.PWM_lCCU4_Init
                0x10002500       0xd4 ./Dave/Generated/PWM/pwm.o
                0x10002500                PWM_lCCU4_Init
 .text.PWM_lCCU4_ConfigInterrupts
                0x100025d4       0x64 ./Dave/Generated/PWM/pwm.o
                0x100025d4                PWM_lCCU4_ConfigInterrupts
 .text.PWM_lCCU4_Start
                0x10002638       0x48 ./Dave/Generated/PWM/pwm.o
                0x10002638                PWM_lCCU4_Start
 .text.PWM_lCCU4_SetDutyCycle
                0x10002680       0x88 ./Dave/Generated/PWM/pwm.o
                0x10002680                PWM_lCCU4_SetDutyCycle
 .text.PWM_Init
                0x10002708       0x38 ./Dave/Generated/PWM/pwm.o
                0x10002708                PWM_Init
 .text.PWM_Start
                0x10002740       0x20 ./Dave/Generated/PWM/pwm.o
                0x10002740                PWM_Start
 .text.PWM_SetDutyCycle
                0x10002760       0x40 ./Dave/Generated/PWM/pwm.o
                0x10002760                PWM_SetDutyCycle
 .text.XMC_CCU4_StartPrescaler
                0x100027a0       0x1c ./Dave/Generated/GLOBAL_CCU4/global_ccu4.o
 .text.GLOBAL_CCU4_Init
                0x100027bc       0x40 ./Dave/Generated/GLOBAL_CCU4/global_ccu4.o
                0x100027bc                GLOBAL_CCU4_Init
 .text.SystemCoreSetup
                0x100027fc        0x8 ./Dave/Generated/CPU_CTRL_XMC1/cpu_ctrl_xmc1_conf.o
                0x100027fc                SystemCoreSetup
 .text.CLOCK_XMC1_Init
                0x10002804       0x84 ./Dave/Generated/CLOCK_XMC1/clock_xmc1.o
                0x10002804                CLOCK_XMC1_Init
 .text.SystemCoreClockSetup
                0x10002888       0x20 ./Dave/Generated/CLOCK_XMC1/clock_xmc1_conf.o
                0x10002888                SystemCoreClockSetup
 .text.DAVE_Init
                0x100028a8       0x94 ./Dave/Generated/DAVE.o
                0x100028a8                DAVE_Init
 .text.main     0x1000293c      0x144 ./main.o
                0x1000293c                main
 .text.color    0x10002a80       0x5c ./main.o
                0x10002a80                color
 .text          0x10002adc      0x120 c:/davev4-64bit/dave-4.3.2/eclipse/arm-gcc-49/bin/../lib/gcc/arm-none-eabi/4.9.3/armv6-m\libgcc.a(_udivsi3.o)
                0x10002adc                __aeabi_uidiv
                0x10002adc                __udivsi3
                0x10002be8                __aeabi_uidivmod
 .text          0x10002bfc        0x4 c:/davev4-64bit/dave-4.3.2/eclipse/arm-gcc-49/bin/../lib/gcc/arm-none-eabi/4.9.3/armv6-m\libgcc.a(_dvmd_tls.o)
                0x10002bfc                __aeabi_idiv0
                0x10002bfc                __aeabi_ldiv0
 .text.__libc_init_array
                0x10002c00       0x4c c:/davev4-64bit/dave-4.3.2/eclipse/arm-gcc-49/bin/../lib/gcc/arm-none-eabi/4.9.3/../../../../arm-none-eabi/lib/armv6-m\libg_nano.a(lib_a-init.o)
                0x10002c00                __libc_init_array
 *(.init)
 *(.fini)
 *crtbegin.o(.ctors)
 *crtbegin?.o(.ctors)
 *(EXCLUDE_FILE(*crtend.o *crtend?.o) .ctors)
 *(SORT(.ctors.*))
 *(.ctors)
 *crtbegin.o(.dtors)
 *crtbegin?.o(.dtors)
 *(EXCLUDE_FILE(*crtend.o *crtend?.o) .dtors)
 *(SORT(.dtors.*))
 *(.dtors)
 *(.rodata .rodata.*)
 .rodata.XMC_CCU4_SLICE_SetInterruptNode
                0x10002c4c       0x28 ./Libraries/XMCLib/src/xmc_ccu4.o
 .rodata.UART_0_channel_config
                0x10002c74        0xc ./Dave/Generated/UART/uart_conf.o
                0x10002c74                UART_0_channel_config
 .rodata.UART_0_tx_pin_config
                0x10002c80        0x8 ./Dave/Generated/UART/uart_conf.o
                0x10002c80                UART_0_tx_pin_config
 .rodata.UART_0_tx_pin
                0x10002c88        0xc ./Dave/Generated/UART/uart_conf.o
                0x10002c88                UART_0_tx_pin
 .rodata.UART_0_config
                0x10002c94       0x30 ./Dave/Generated/UART/uart_conf.o
                0x10002c94                UART_0_config
 .rodata.UART_0_rx_pin_config
                0x10002cc4        0x8 ./Dave/Generated/UART/uart_conf.o
                0x10002cc4                UART_0_rx_pin_config
 .rodata.PWM_0_compare_config
                0x10002ccc        0x8 ./Dave/Generated/PWM/pwm_conf.o
                0x10002ccc                PWM_0_compare_config
 .rodata.PWM_0_gpio_out_config
                0x10002cd4        0x8 ./Dave/Generated/PWM/pwm_conf.o
                0x10002cd4                PWM_0_gpio_out_config
 .rodata.PWM_1_compare_config
                0x10002cdc        0x8 ./Dave/Generated/PWM/pwm_conf.o
                0x10002cdc                PWM_1_compare_config
 .rodata.PWM_1_gpio_out_config
                0x10002ce4        0x8 ./Dave/Generated/PWM/pwm_conf.o
                0x10002ce4                PWM_1_gpio_out_config
 .rodata.PWM_2_compare_config
                0x10002cec        0x8 ./Dave/Generated/PWM/pwm_conf.o
                0x10002cec                PWM_2_compare_config
 .rodata.PWM_2_gpio_out_config
                0x10002cf4        0x8 ./Dave/Generated/PWM/pwm_conf.o
                0x10002cf4                PWM_2_gpio_out_config
 .rodata        0x10002cfc        0xc ./Dave/Generated/CLOCK_XMC1/clock_xmc1_conf.o
 .rodata        0x10002d08        0xc ./main.o
 *(.gnu.linkonce.r*)

.glue_7         0x10002d14        0x0
 .glue_7        0x00000000        0x0 linker stubs

.glue_7t        0x10002d14        0x0
 .glue_7t       0x00000000        0x0 linker stubs

.vfp11_veneer   0x10002d14        0x0
 .vfp11_veneer  0x00000000        0x0 linker stubs

.v4_bx          0x10002d14        0x0
 .v4_bx         0x00000000        0x0 linker stubs

.iplt           0x10002d14        0x0
 .iplt          0x00000000        0x0 ./Startup/startup_XMC1100.o

.eh_frame_hdr
 *(.eh_frame_hdr)

.eh_frame
 *(.eh_frame)

.ARM.extab
 *(.ARM.extab* .gnu.linkonce.armextab.*)
                0x10002d14                . = ALIGN (0x4)
                0x10002d14                __exidx_start = .

.ARM.exidx
 *(.ARM.exidx* .gnu.linkonce.armexidx.*)
                0x10002d14                __exidx_end = .
                0x10002d14                . = ALIGN (0x4)
                0x10002d14                eROData = .

.VENEER_Code    0x2000000c      0x110 load address 0x10002d14
                0x2000000c                . = ALIGN (0x4)
                0x2000000c                VeneerStart = .
 *(.XmcVeneerCode)
 .XmcVeneerCode
                0x2000000c      0x110 ./Startup/startup_XMC1100.o
                0x2000000c                HardFault_Veneer
                0x2000002c                SVC_Veneer
                0x20000038                PendSV_Veneer
                0x2000003c                SysTick_Veneer
                0x20000040                SCU_0_Veneer
                0x20000044                SCU_1_Veneer
                0x20000048                SCU_2_Veneer
                0x2000004c                SCU_3_Veneer
                0x20000050                SCU_4_Veneer
                0x20000054                SCU_5_Veneer
                0x20000058                SCU_6_Veneer
                0x20000064                USIC0_0_Veneer
                0x20000068                USIC0_1_Veneer
                0x2000006c                USIC0_2_Veneer
                0x20000070                USIC0_3_Veneer
                0x20000074                USIC0_4_Veneer
                0x20000078                USIC0_5_Veneer
                0x2000007c                VADC0_C0_0_Veneer
                0x20000080                VADC0_C0_1_Veneer
                0x20000094                CCU40_0_Veneer
                0x20000098                CCU40_1_Veneer
                0x2000009c                CCU40_2_Veneer
                0x200000a0                CCU40_3_Veneer
                0x2000011c                . = ALIGN (0x4)
                0x2000011c                VeneerEnd = .
                0x00000110                VeneerSize = (ABSOLUTE (VeneerEnd) - ABSOLUTE (VeneerStart))

.rel.dyn        0x2000011c        0x0 load address 0x10002e24
 .rel.iplt      0x00000000        0x0 ./Startup/startup_XMC1100.o

Stack           0x2000011c      0x404 load address 0x00000000
                0x20000120                . = ALIGN (0x8)
 *fill*         0x2000011c        0x4 
                0x20000520                . = (. + stack_size)
 *fill*         0x20000120      0x400 
                0x20000520                __initial_sp = .
                0x10002e24                DataLoadAddr = (eROData + VeneerSize)

.data           0x20000520       0xb8 load address 0x10002e24
                0x20000520                . = ALIGN (0x4)
                0x20000520                __data_start = .
 *(vtable)
 *(.data)
 *(.data*)
 .data.UART_0   0x20000520        0xc ./Dave/Generated/UART/uart_conf.o
                0x20000520                UART_0
 .data.PWM_0    0x2000052c       0x34 ./Dave/Generated/PWM/pwm_conf.o
                0x2000052c                PWM_0
 .data.PWM_1    0x20000560       0x34 ./Dave/Generated/PWM/pwm_conf.o
                0x20000560                PWM_1
 .data.PWM_2    0x20000594       0x34 ./Dave/Generated/PWM/pwm_conf.o
                0x20000594                PWM_2
 .data.GLOBAL_CCU4_0
                0x200005c8       0x10 ./Dave/Generated/GLOBAL_CCU4/global_ccu4_conf.o
                0x200005c8                GLOBAL_CCU4_0
 *(*.data)
 *(.gnu.linkonce.d*)
                0x200005d8                . = ALIGN (0x4)
                0x200005d8                PROVIDE (__preinit_array_start, .)
 *(.preinit_array)
                0x200005d8                PROVIDE (__preinit_array_end, .)
                0x200005d8                . = ALIGN (0x4)
                0x200005d8                PROVIDE (__init_array_start, .)
 *(SORT(.init_array.*))
 *(.init_array)
                0x200005d8                PROVIDE (__init_array_end, .)
                0x200005d8                . = ALIGN (0x4)
                0x200005d8                PROVIDE (__fini_array_start, .)
 *(SORT(.fini_array.*))
 *(.fini_array)
                0x200005d8                PROVIDE (__fini_array_end, .)
                0x200005d8                . = ALIGN (0x4)
                0x200005d8                __data_end = .
                0x000000b8                __data_size = (__data_end - __data_start)

.igot.plt       0x200005d8        0x0 load address 0x10002edc
 .igot.plt      0x00000000        0x0 ./Startup/startup_XMC1100.o

.ram_code       0x200005d8        0x0 load address 0x10002edc
                0x200005d8                . = ALIGN (0x4)
                0x200005d8                __ram_code_start = .
 *(.ram_code)
                0x200005d8                . = ALIGN (0x4)
                0x200005d8                __ram_code_end = .
                0x10002edc                __ram_code_load = LOADADDR (.ram_code)
                0x00000000                __ram_code_size = (__ram_code_end - __ram_code_start)

.bss            0x200005d8       0x28 load address 0x10002edc
                0x200005d8                . = ALIGN (0x4)
                0x200005d8                __bss_start = .
 *(.bss)
 *(.bss*)
 .bss.IDIV.4706
                0x200005d8        0x4 ./Startup/system_XMC1100.o
 .bss.FDIV.4707
                0x200005dc        0x4 ./Startup/system_XMC1100.o
 .bss.UART_0_runtime
                0x200005e0       0x1c ./Dave/Generated/UART/uart_conf.o
                0x200005e0                UART_0_runtime
 .bss.CLOCK_XMC1_0
                0x200005fc        0x4 ./Dave/Generated/CLOCK_XMC1/clock_xmc1_conf.o
                0x200005fc                CLOCK_XMC1_0
 *(COMMON)
 *(.gnu.linkonce.b*)
                0x20000600                . = ALIGN (0x4)
                0x20000600                __bss_end = .
                0x20000600                . = ALIGN (0x8)
                0x20000600                Heap_Bank1_Start = .
                0x00000028                __bss_size = (__bss_end - __bss_start)

.no_init        0x20003ffc        0x4 load address 0x10006900
                0x20003ffc                Heap_Bank1_End = .
 *(.no_init)
 .no_init       0x20003ffc        0x4 ./Startup/system_XMC1100.o
                0x20003ffc                SystemCoreClock
                0x000039fc                Heap_Bank1_Size = (Heap_Bank1_End - Heap_Bank1_Start)
                0x00000001                ASSERT ((Heap_Bank1_Start <= Heap_Bank1_End), region SRAM overflowed no_init section)

/DISCARD/
 *(.comment)

.stab
 *(.stab)

.stabstr
 *(.stabstr)

.debug
 *(.debug)

.line
 *(.line)

.debug_srcinfo
 *(.debug_srcinfo)

.debug_sfnames
 *(.debug_sfnames)

.debug_aranges  0x00000000      0x770
 *(.debug_aranges)
 .debug_aranges
                0x00000000       0x28 ./Startup/startup_XMC1100.o
 .debug_aranges
                0x00000028       0x38 ./Startup/system_XMC1100.o
 .debug_aranges
                0x00000060       0x28 ./Libraries/XMCLib/src/xmc1_gpio.o
 .debug_aranges
                0x00000088      0x120 ./Libraries/XMCLib/src/xmc1_scu.o
 .debug_aranges
                0x000001a8      0x128 ./Libraries/XMCLib/src/xmc_ccu4.o
 .debug_aranges
                0x000002d0       0x70 ./Libraries/XMCLib/src/xmc_uart.o
 .debug_aranges
                0x00000340       0x90 ./Libraries/XMCLib/src/xmc_usic.o
 .debug_aranges
                0x000003d0       0x28 ./Libraries/Newlib/syscalls.o
 .debug_aranges
                0x000003f8       0xf8 ./Dave/Generated/UART/uart.o
 .debug_aranges
                0x000004f0       0x50 ./Dave/Generated/UART/uart_conf.o
 .debug_aranges
                0x00000540      0x110 ./Dave/Generated/PWM/pwm.o
 .debug_aranges
                0x00000650       0x18 ./Dave/Generated/PWM/pwm_conf.o
 .debug_aranges
                0x00000668       0x30 ./Dave/Generated/GLOBAL_CCU4/global_ccu4.o
 .debug_aranges
                0x00000698       0x18 ./Dave/Generated/GLOBAL_CCU4/global_ccu4_conf.o
 .debug_aranges
                0x000006b0       0x20 ./Dave/Generated/CPU_CTRL_XMC1/cpu_ctrl_xmc1_conf.o
 .debug_aranges
                0x000006d0       0x30 ./Dave/Generated/CLOCK_XMC1/clock_xmc1.o
 .debug_aranges
                0x00000700       0x20 ./Dave/Generated/CLOCK_XMC1/clock_xmc1_conf.o
 .debug_aranges
                0x00000720       0x20 ./Dave/Generated/DAVE.o
 .debug_aranges
                0x00000740       0x30 ./main.o

.debug_pubnames
 *(.debug_pubnames)

.debug_pubtypes
 *(.debug_pubtypes)

.debug_info     0x00000000     0xafdd
 *(.debug_info .gnu.linkonce.wi.*)
 .debug_info    0x00000000       0x63 ./Startup/startup_XMC1100.o
 .debug_info    0x00000063      0x38b ./Startup/system_XMC1100.o
 .debug_info    0x000003ee      0x410 ./Libraries/XMCLib/src/xmc1_gpio.o
 .debug_info    0x000007fe      0xcbd ./Libraries/XMCLib/src/xmc1_scu.o
 .debug_info    0x000014bb     0x1410 ./Libraries/XMCLib/src/xmc_ccu4.o
 .debug_info    0x000028cb      0x863 ./Libraries/XMCLib/src/xmc_uart.o
 .debug_info    0x0000312e      0xa75 ./Libraries/XMCLib/src/xmc_usic.o
 .debug_info    0x00003ba3      0x11f ./Libraries/Newlib/syscalls.o
 .debug_info    0x00003cc2     0x14c5 ./Dave/Generated/UART/uart.o
 .debug_info    0x00005187      0xf83 ./Dave/Generated/UART/uart_conf.o
 .debug_info    0x0000610a     0x1391 ./Dave/Generated/PWM/pwm.o
 .debug_info    0x0000749b      0xbdd ./Dave/Generated/PWM/pwm_conf.o
 .debug_info    0x00008078      0x33f ./Dave/Generated/GLOBAL_CCU4/global_ccu4.o
 .debug_info    0x000083b7      0x23f ./Dave/Generated/GLOBAL_CCU4/global_ccu4_conf.o
 .debug_info    0x000085f6       0xd3 ./Dave/Generated/CPU_CTRL_XMC1/cpu_ctrl_xmc1_conf.o
 .debug_info    0x000086c9      0x219 ./Dave/Generated/CLOCK_XMC1/clock_xmc1.o
 .debug_info    0x000088e2      0x1de ./Dave/Generated/CLOCK_XMC1/clock_xmc1_conf.o
 .debug_info    0x00008ac0     0x1236 ./Dave/Generated/DAVE.o
 .debug_info    0x00009cf6     0x12e7 ./main.o

.debug_abbrev   0x00000000     0x1b05
 *(.debug_abbrev)
 .debug_abbrev  0x00000000       0x12 ./Startup/startup_XMC1100.o
 .debug_abbrev  0x00000012       0xfb ./Startup/system_XMC1100.o
 .debug_abbrev  0x0000010d       0xdf ./Libraries/XMCLib/src/xmc1_gpio.o
 .debug_abbrev  0x000001ec      0x22c ./Libraries/XMCLib/src/xmc1_scu.o
 .debug_abbrev  0x00000418      0x1eb ./Libraries/XMCLib/src/xmc_ccu4.o
 .debug_abbrev  0x00000603      0x1ed ./Libraries/XMCLib/src/xmc_uart.o
 .debug_abbrev  0x000007f0      0x1da ./Libraries/XMCLib/src/xmc_usic.o
 .debug_abbrev  0x000009ca       0xbd ./Libraries/Newlib/syscalls.o
 .debug_abbrev  0x00000a87      0x255 ./Dave/Generated/UART/uart.o
 .debug_abbrev  0x00000cdc      0x1f0 ./Dave/Generated/UART/uart_conf.o
 .debug_abbrev  0x00000ecc      0x25d ./Dave/Generated/PWM/pwm.o
 .debug_abbrev  0x00001129      0x172 ./Dave/Generated/PWM/pwm_conf.o
 .debug_abbrev  0x0000129b      0x15e ./Dave/Generated/GLOBAL_CCU4/global_ccu4.o
 .debug_abbrev  0x000013f9       0xdd ./Dave/Generated/GLOBAL_CCU4/global_ccu4_conf.o
 .debug_abbrev  0x000014d6       0x80 ./Dave/Generated/CPU_CTRL_XMC1/cpu_ctrl_xmc1_conf.o
 .debug_abbrev  0x00001556       0xdd ./Dave/Generated/CLOCK_XMC1/clock_xmc1.o
 .debug_abbrev  0x00001633       0xec ./Dave/Generated/CLOCK_XMC1/clock_xmc1_conf.o
 .debug_abbrev  0x0000171f      0x1be ./Dave/Generated/DAVE.o
 .debug_abbrev  0x000018dd      0x228 ./main.o

.debug_line     0x00000000     0x3256
 *(.debug_line)
 .debug_line    0x00000000       0xe6 ./Startup/startup_XMC1100.o
 .debug_line    0x000000e6      0x19e ./Startup/system_XMC1100.o
 .debug_line    0x00000284      0x175 ./Libraries/XMCLib/src/xmc1_gpio.o
 .debug_line    0x000003f9      0x4bb ./Libraries/XMCLib/src/xmc1_scu.o
 .debug_line    0x000008b4      0x532 ./Libraries/XMCLib/src/xmc_ccu4.o
 .debug_line    0x00000de6      0x2b3 ./Libraries/XMCLib/src/xmc_uart.o
 .debug_line    0x00001099      0x34a ./Libraries/XMCLib/src/xmc_usic.o
 .debug_line    0x000013e3       0xbd ./Libraries/Newlib/syscalls.o
 .debug_line    0x000014a0      0x4d5 ./Dave/Generated/UART/uart.o
 .debug_line    0x00001975      0x2ba ./Dave/Generated/UART/uart_conf.o
 .debug_line    0x00001c2f      0x57f ./Dave/Generated/PWM/pwm.o
 .debug_line    0x000021ae      0x231 ./Dave/Generated/PWM/pwm_conf.o
 .debug_line    0x000023df      0x245 ./Dave/Generated/GLOBAL_CCU4/global_ccu4.o
 .debug_line    0x00002624      0x1cc ./Dave/Generated/GLOBAL_CCU4/global_ccu4_conf.o
 .debug_line    0x000027f0       0x78 ./Dave/Generated/CPU_CTRL_XMC1/cpu_ctrl_xmc1_conf.o
 .debug_line    0x00002868      0x1ec ./Dave/Generated/CLOCK_XMC1/clock_xmc1.o
 .debug_line    0x00002a54      0x1c3 ./Dave/Generated/CLOCK_XMC1/clock_xmc1_conf.o
 .debug_line    0x00002c17      0x2d5 ./Dave/Generated/DAVE.o
 .debug_line    0x00002eec      0x36a ./main.o

.debug_frame    0x00000000     0x17c0
 *(.debug_frame)
 .debug_frame   0x00000000       0x80 ./Startup/system_XMC1100.o
 .debug_frame   0x00000080       0x58 ./Libraries/XMCLib/src/xmc1_gpio.o
 .debug_frame   0x000000d8      0x40c ./Libraries/XMCLib/src/xmc1_scu.o
 .debug_frame   0x000004e4      0x458 ./Libraries/XMCLib/src/xmc_ccu4.o
 .debug_frame   0x0000093c      0x170 ./Libraries/XMCLib/src/xmc_uart.o
 .debug_frame   0x00000aac      0x1f0 ./Libraries/XMCLib/src/xmc_usic.o
 .debug_frame   0x00000c9c       0x4c ./Libraries/Newlib/syscalls.o
 .debug_frame   0x00000ce8      0x3a4 ./Dave/Generated/UART/uart.o
 .debug_frame   0x0000108c       0xf0 ./Dave/Generated/UART/uart_conf.o
 .debug_frame   0x0000117c      0x40c ./Dave/Generated/PWM/pwm.o
 .debug_frame   0x00001588       0x70 ./Dave/Generated/GLOBAL_CCU4/global_ccu4.o
 .debug_frame   0x000015f8       0x2c ./Dave/Generated/CPU_CTRL_XMC1/cpu_ctrl_xmc1_conf.o
 .debug_frame   0x00001624       0x70 ./Dave/Generated/CLOCK_XMC1/clock_xmc1.o
 .debug_frame   0x00001694       0x34 ./Dave/Generated/CLOCK_XMC1/clock_xmc1_conf.o
 .debug_frame   0x000016c8       0x34 ./Dave/Generated/DAVE.o
 .debug_frame   0x000016fc       0x78 ./main.o
 .debug_frame   0x00001774       0x20 c:/davev4-64bit/dave-4.3.2/eclipse/arm-gcc-49/bin/../lib/gcc/arm-none-eabi/4.9.3/armv6-m\libgcc.a(_udivsi3.o)
 .debug_frame   0x00001794       0x2c c:/davev4-64bit/dave-4.3.2/eclipse/arm-gcc-49/bin/../lib/gcc/arm-none-eabi/4.9.3/../../../../arm-none-eabi/lib/armv6-m\libg_nano.a(lib_a-init.o)

.debug_str      0x00000000     0x526e
 *(.debug_str)
 .debug_str     0x00000000      0x2a0 ./Startup/system_XMC1100.o
                                0x2e6 (size before relaxing)
 .debug_str     0x000002a0      0x5d0 ./Libraries/XMCLib/src/xmc1_gpio.o
                                0x798 (size before relaxing)
 .debug_str     0x00000870      0x8dc ./Libraries/XMCLib/src/xmc1_scu.o
                                0xb7e (size before relaxing)
 .debug_str     0x0000114c     0x12e5 ./Libraries/XMCLib/src/xmc_ccu4.o
                               0x1593 (size before relaxing)
 .debug_str     0x00002431      0x87f ./Libraries/XMCLib/src/xmc_uart.o
                                0xa8e (size before relaxing)
 .debug_str     0x00002cb0      0x96e ./Libraries/XMCLib/src/xmc_usic.o
                                0xd77 (size before relaxing)
 .debug_str     0x0000361e       0x6f ./Libraries/Newlib/syscalls.o
                                0x1dd (size before relaxing)
 .debug_str     0x0000368d      0xbd5 ./Dave/Generated/UART/uart.o
                               0x1ca0 (size before relaxing)
 .debug_str     0x00004262      0x2a2 ./Dave/Generated/UART/uart_conf.o
                               0x1472 (size before relaxing)
 .debug_str     0x00004504      0x6e7 ./Dave/Generated/PWM/pwm.o
                               0x1388 (size before relaxing)
 .debug_str     0x00004beb      0x312 ./Dave/Generated/PWM/pwm_conf.o
                               0x10f2 (size before relaxing)
 .debug_str     0x00004efd       0xb5 ./Dave/Generated/GLOBAL_CCU4/global_ccu4.o
                                0x486 (size before relaxing)
 .debug_str     0x00004fb2       0x31 ./Dave/Generated/GLOBAL_CCU4/global_ccu4_conf.o
                                0x39a (size before relaxing)
 .debug_str     0x00004fe3       0x63 ./Dave/Generated/CPU_CTRL_XMC1/cpu_ctrl_xmc1_conf.o
                                0x1ed (size before relaxing)
 .debug_str     0x00005046      0x144 ./Dave/Generated/CLOCK_XMC1/clock_xmc1.o
                                0x33d (size before relaxing)
 .debug_str     0x0000518a       0x50 ./Dave/Generated/CLOCK_XMC1/clock_xmc1_conf.o
                                0x3b6 (size before relaxing)
 .debug_str     0x000051da       0x65 ./Dave/Generated/DAVE.o
                               0x13eb (size before relaxing)
 .debug_str     0x0000523f       0x2f ./main.o
                               0x13f2 (size before relaxing)

.debug_loc      0x00000000     0x265e
 *(.debug_loc)
 .debug_loc     0x00000000       0xb0 ./Startup/system_XMC1100.o
 .debug_loc     0x000000b0       0x70 ./Libraries/XMCLib/src/xmc1_gpio.o
 .debug_loc     0x00000120      0x6cc ./Libraries/XMCLib/src/xmc1_scu.o
 .debug_loc     0x000007ec      0x770 ./Libraries/XMCLib/src/xmc_ccu4.o
 .debug_loc     0x00000f5c      0x268 ./Libraries/XMCLib/src/xmc_uart.o
 .debug_loc     0x000011c4      0x34a ./Libraries/XMCLib/src/xmc_usic.o
 .debug_loc     0x0000150e       0x64 ./Libraries/Newlib/syscalls.o
 .debug_loc     0x00001572      0x620 ./Dave/Generated/UART/uart.o
 .debug_loc     0x00001b92      0x170 ./Dave/Generated/UART/uart_conf.o
 .debug_loc     0x00001d02      0x6c8 ./Dave/Generated/PWM/pwm.o
 .debug_loc     0x000023ca       0xa8 ./Dave/Generated/GLOBAL_CCU4/global_ccu4.o
 .debug_loc     0x00002472       0x2c ./Dave/Generated/CPU_CTRL_XMC1/cpu_ctrl_xmc1_conf.o
 .debug_loc     0x0000249e       0xa8 ./Dave/Generated/CLOCK_XMC1/clock_xmc1.o
 .debug_loc     0x00002546       0x38 ./Dave/Generated/CLOCK_XMC1/clock_xmc1_conf.o
 .debug_loc     0x0000257e       0x38 ./Dave/Generated/DAVE.o
 .debug_loc     0x000025b6       0xa8 ./main.o

.debug_macinfo
 *(.debug_macinfo)

.debug_ranges   0x00000000      0x638
 *(.debug_ranges)
 .debug_ranges  0x00000000       0x20 ./Startup/startup_XMC1100.o
 .debug_ranges  0x00000020       0x28 ./Startup/system_XMC1100.o
 .debug_ranges  0x00000048       0x18 ./Libraries/XMCLib/src/xmc1_gpio.o
 .debug_ranges  0x00000060      0x110 ./Libraries/XMCLib/src/xmc1_scu.o
 .debug_ranges  0x00000170      0x118 ./Libraries/XMCLib/src/xmc_ccu4.o
 .debug_ranges  0x00000288       0x60 ./Libraries/XMCLib/src/xmc_uart.o
 .debug_ranges  0x000002e8       0x80 ./Libraries/XMCLib/src/xmc_usic.o
 .debug_ranges  0x00000368       0x18 ./Libraries/Newlib/syscalls.o
 .debug_ranges  0x00000380       0xe8 ./Dave/Generated/UART/uart.o
 .debug_ranges  0x00000468       0x40 ./Dave/Generated/UART/uart_conf.o
 .debug_ranges  0x000004a8      0x100 ./Dave/Generated/PWM/pwm.o
 .debug_ranges  0x000005a8       0x20 ./Dave/Generated/GLOBAL_CCU4/global_ccu4.o
 .debug_ranges  0x000005c8       0x10 ./Dave/Generated/CPU_CTRL_XMC1/cpu_ctrl_xmc1_conf.o
 .debug_ranges  0x000005d8       0x20 ./Dave/Generated/CLOCK_XMC1/clock_xmc1.o
 .debug_ranges  0x000005f8       0x10 ./Dave/Generated/CLOCK_XMC1/clock_xmc1_conf.o
 .debug_ranges  0x00000608       0x10 ./Dave/Generated/DAVE.o
 .debug_ranges  0x00000618       0x20 ./main.o

.debug_weaknames
 *(.debug_weaknames)

.debug_funcnames
 *(.debug_funcnames)

.debug_typenames
 *(.debug_typenames)

.debug_varnames
 *(.debug_varnames)

.build_attributes
                0x00000000      0x3fb
 *(.ARM.attributes)
 .ARM.attributes
                0x00000000       0x21 ./Startup/startup_XMC1100.o
 .ARM.attributes
                0x00000021       0x31 ./Startup/system_XMC1100.o
 .ARM.attributes
                0x00000052       0x31 ./Libraries/XMCLib/src/xmc1_gpio.o
 .ARM.attributes
                0x00000083       0x31 ./Libraries/XMCLib/src/xmc1_scu.o
 .ARM.attributes
                0x000000b4       0x31 ./Libraries/XMCLib/src/xmc_ccu4.o
 .ARM.attributes
                0x000000e5       0x31 ./Libraries/XMCLib/src/xmc_uart.o
 .ARM.attributes
                0x00000116       0x31 ./Libraries/XMCLib/src/xmc_usic.o
 .ARM.attributes
                0x00000147       0x31 ./Libraries/Newlib/syscalls.o
 .ARM.attributes
                0x00000178       0x31 ./Dave/Generated/UART/uart.o
 .ARM.attributes
                0x000001a9       0x31 ./Dave/Generated/UART/uart_conf.o
 .ARM.attributes
                0x000001da       0x31 ./Dave/Generated/PWM/pwm.o
 .ARM.attributes
                0x0000020b       0x31 ./Dave/Generated/PWM/pwm_conf.o
 .ARM.attributes
                0x0000023c       0x31 ./Dave/Generated/GLOBAL_CCU4/global_ccu4.o
 .ARM.attributes
                0x0000026d       0x31 ./Dave/Generated/GLOBAL_CCU4/global_ccu4_conf.o
 .ARM.attributes
                0x0000029e       0x31 ./Dave/Generated/CPU_CTRL_XMC1/cpu_ctrl_xmc1_conf.o
 .ARM.attributes
                0x000002cf       0x31 ./Dave/Generated/CLOCK_XMC1/clock_xmc1.o
 .ARM.attributes
                0x00000300       0x31 ./Dave/Generated/CLOCK_XMC1/clock_xmc1_conf.o
 .ARM.attributes
                0x00000331       0x31 ./Dave/Generated/DAVE.o
 .ARM.attributes
                0x00000362       0x31 ./main.o
 .ARM.attributes
                0x00000393       0x1e c:/davev4-64bit/dave-4.3.2/eclipse/arm-gcc-49/bin/../lib/gcc/arm-none-eabi/4.9.3/armv6-m\libgcc.a(_udivsi3.o)
 .ARM.attributes
                0x000003b1       0x1e c:/davev4-64bit/dave-4.3.2/eclipse/arm-gcc-49/bin/../lib/gcc/arm-none-eabi/4.9.3/armv6-m\libgcc.a(_dvmd_tls.o)
 .ARM.attributes
                0x000003cf       0x2c c:/davev4-64bit/dave-4.3.2/eclipse/arm-gcc-49/bin/../lib/gcc/arm-none-eabi/4.9.3/../../../../arm-none-eabi/lib/armv6-m\libg_nano.a(lib_a-init.o)
OUTPUT(RGB_led.elf elf32-littlearm)
